Archive member included to satisfy reference by file (symbol)

e:/LABIV/TesteMemoVGA/Quartus/TestePixelBuffer/software/PixelBufferTeste_bsp/\libhal_bsp.a(alt_load.o)
                              e:/LABIV/TesteMemoVGA/Quartus/TestePixelBuffer/software/PixelBufferTeste_bsp//obj/HAL/src/crt0.o (alt_load)
e:/LABIV/TesteMemoVGA/Quartus/TestePixelBuffer/software/PixelBufferTeste_bsp/\libhal_bsp.a(alt_main.o)
                              e:/LABIV/TesteMemoVGA/Quartus/TestePixelBuffer/software/PixelBufferTeste_bsp//obj/HAL/src/crt0.o (alt_main)
e:/LABIV/TesteMemoVGA/Quartus/TestePixelBuffer/software/PixelBufferTeste_bsp/\libhal_bsp.a(alt_sys_init.o)
                              e:/LABIV/TesteMemoVGA/Quartus/TestePixelBuffer/software/PixelBufferTeste_bsp/\libhal_bsp.a(alt_main.o) (alt_irq_init)
e:/LABIV/TesteMemoVGA/Quartus/TestePixelBuffer/software/PixelBufferTeste_bsp/\libhal_bsp.a(altera_avalon_jtag_uart_fd.o)
                              e:/LABIV/TesteMemoVGA/Quartus/TestePixelBuffer/software/PixelBufferTeste_bsp/\libhal_bsp.a(alt_sys_init.o) (altera_avalon_jtag_uart_read_fd)
e:/LABIV/TesteMemoVGA/Quartus/TestePixelBuffer/software/PixelBufferTeste_bsp/\libhal_bsp.a(altera_avalon_jtag_uart_init.o)
                              e:/LABIV/TesteMemoVGA/Quartus/TestePixelBuffer/software/PixelBufferTeste_bsp/\libhal_bsp.a(alt_sys_init.o) (altera_avalon_jtag_uart_init)
e:/LABIV/TesteMemoVGA/Quartus/TestePixelBuffer/software/PixelBufferTeste_bsp/\libhal_bsp.a(altera_avalon_jtag_uart_ioctl.o)
                              e:/LABIV/TesteMemoVGA/Quartus/TestePixelBuffer/software/PixelBufferTeste_bsp/\libhal_bsp.a(altera_avalon_jtag_uart_fd.o) (altera_avalon_jtag_uart_ioctl)
e:/LABIV/TesteMemoVGA/Quartus/TestePixelBuffer/software/PixelBufferTeste_bsp/\libhal_bsp.a(altera_avalon_jtag_uart_read.o)
                              e:/LABIV/TesteMemoVGA/Quartus/TestePixelBuffer/software/PixelBufferTeste_bsp/\libhal_bsp.a(altera_avalon_jtag_uart_fd.o) (altera_avalon_jtag_uart_read)
e:/LABIV/TesteMemoVGA/Quartus/TestePixelBuffer/software/PixelBufferTeste_bsp/\libhal_bsp.a(altera_avalon_jtag_uart_write.o)
                              e:/LABIV/TesteMemoVGA/Quartus/TestePixelBuffer/software/PixelBufferTeste_bsp/\libhal_bsp.a(altera_avalon_jtag_uart_fd.o) (altera_avalon_jtag_uart_write)
e:/LABIV/TesteMemoVGA/Quartus/TestePixelBuffer/software/PixelBufferTeste_bsp/\libhal_bsp.a(altera_avalon_timer_sc.o)
                              e:/LABIV/TesteMemoVGA/Quartus/TestePixelBuffer/software/PixelBufferTeste_bsp/\libhal_bsp.a(alt_sys_init.o) (alt_avalon_timer_sc_init)
e:/LABIV/TesteMemoVGA/Quartus/TestePixelBuffer/software/PixelBufferTeste_bsp/\libhal_bsp.a(alt_alarm_start.o)
                              e:/LABIV/TesteMemoVGA/Quartus/TestePixelBuffer/software/PixelBufferTeste_bsp/\libhal_bsp.a(altera_avalon_jtag_uart_init.o) (alt_alarm_start)
e:/LABIV/TesteMemoVGA/Quartus/TestePixelBuffer/software/PixelBufferTeste_bsp/\libhal_bsp.a(alt_close.o)
                              e:/LABIV/TesteMemoVGA/Quartus/TestePixelBuffer/software/PixelBufferTeste_bsp/\libhal_bsp.a(alt_main.o) (close)
e:/LABIV/TesteMemoVGA/Quartus/TestePixelBuffer/software/PixelBufferTeste_bsp/\libhal_bsp.a(alt_dcache_flush_all.o)
                              e:/LABIV/TesteMemoVGA/Quartus/TestePixelBuffer/software/PixelBufferTeste_bsp/\libhal_bsp.a(alt_load.o) (alt_dcache_flush_all)
e:/LABIV/TesteMemoVGA/Quartus/TestePixelBuffer/software/PixelBufferTeste_bsp/\libhal_bsp.a(alt_dev.o)
                              e:/LABIV/TesteMemoVGA/Quartus/TestePixelBuffer/software/PixelBufferTeste_bsp/\libhal_bsp.a(alt_sys_init.o) (alt_dev_list)
e:/LABIV/TesteMemoVGA/Quartus/TestePixelBuffer/software/PixelBufferTeste_bsp/\libhal_bsp.a(alt_dev_llist_insert.o)
                              e:/LABIV/TesteMemoVGA/Quartus/TestePixelBuffer/software/PixelBufferTeste_bsp/\libhal_bsp.a(alt_sys_init.o) (alt_dev_llist_insert)
e:/LABIV/TesteMemoVGA/Quartus/TestePixelBuffer/software/PixelBufferTeste_bsp/\libhal_bsp.a(alt_do_ctors.o)
                              e:/LABIV/TesteMemoVGA/Quartus/TestePixelBuffer/software/PixelBufferTeste_bsp/\libhal_bsp.a(alt_main.o) (_do_ctors)
e:/LABIV/TesteMemoVGA/Quartus/TestePixelBuffer/software/PixelBufferTeste_bsp/\libhal_bsp.a(alt_do_dtors.o)
                              e:/LABIV/TesteMemoVGA/Quartus/TestePixelBuffer/software/PixelBufferTeste_bsp/\libhal_bsp.a(alt_main.o) (_do_dtors)
e:/LABIV/TesteMemoVGA/Quartus/TestePixelBuffer/software/PixelBufferTeste_bsp/\libhal_bsp.a(alt_errno.o)
                              e:/LABIV/TesteMemoVGA/Quartus/TestePixelBuffer/software/PixelBufferTeste_bsp/\libhal_bsp.a(alt_close.o) (alt_errno)
e:/LABIV/TesteMemoVGA/Quartus/TestePixelBuffer/software/PixelBufferTeste_bsp/\libhal_bsp.a(alt_icache_flush_all.o)
                              e:/LABIV/TesteMemoVGA/Quartus/TestePixelBuffer/software/PixelBufferTeste_bsp/\libhal_bsp.a(alt_load.o) (alt_icache_flush_all)
[...]
Memory Configuration

Name             Origin             Length             Attributes
reset            0x0000000000210000 0x0000000000000020
onchip_memory    0x0000000000210020 0x000000000000ffe0
*default*        0x0000000000000000 0xffffffffffffffff

Linker script and memory map

LOAD e:/LABIV/TesteMemoVGA/Quartus/TestePixelBuffer/software/PixelBufferTeste_bsp//obj/HAL/src/crt0.o
LOAD obj/default/main.o
LOAD d:/programas/intelfpga/nios2eds/bin/gnu/h-x86_64-mingw32/bin/../lib/gcc/nios2-elf/10.1.1/../../../../../H-x86_64-mingw32/nios2-elf/lib/mno-hw-mul\libstdc++.a
LOAD d:/programas/intelfpga/nios2eds/bin/gnu/h-x86_64-mingw32/bin/../lib/gcc/nios2-elf/10.1.1/../../../../../H-x86_64-mingw32/nios2-elf/lib/mno-hw-mul\libm.a
LOAD d:/programas/intelfpga/nios2eds/bin/gnu/h-x86_64-mingw32/bin/../lib/gcc/nios2-elf/10.1.1/mno-hw-mul\libgcc.a
START GROUP
LOAD d:/programas/intelfpga/nios2eds/bin/gnu/h-x86_64-mingw32/bin/../lib/gcc/nios2-elf/10.1.1/../../../../../H-x86_64-mingw32/nios2-elf/lib/mno-hw-mul\libc.a
LOAD d:/programas/intelfpga/nios2eds/bin/gnu/h-x86_64-mingw32/bin/../lib/gcc/nios2-elf/10.1.1/mno-hw-mul\libgcc.a
LOAD e:/LABIV/TesteMemoVGA/Quartus/TestePixelBuffer/software/PixelBufferTeste_bsp/\libhal_bsp.a
LOAD d:/programas/intelfpga/nios2eds/bin/gnu/h-x86_64-mingw32/bin/../lib/gcc/nios2-elf/10.1.1/../../../../../H-x86_64-mingw32/nios2-elf/lib/mno-hw-mul\libm.a
END GROUP
LOAD d:/programas/intelfpga/nios2eds/bin/gnu/h-x86_64-mingw32/bin/../lib/gcc/nios2-elf/10.1.1/mno-hw-mul\libgcc.a
                0x0000000000210000                __alt_mem_onchip_memory = 0x210000

.entry          0x0000000000210000       0x20
 *(.entry)
 .entry         0x0000000000210000       0x20 e:/LABIV/TesteMemoVGA/Quartus/TestePixelBuffer/software/PixelBufferTeste_bsp//obj/HAL/src/crt0.o
                0x0000000000210000                __reset

.exceptions     0x0000000000210020      0x204
                0x0000000000210020                PROVIDE (__ram_exceptions_start = ABSOLUTE (.))
                0x0000000000210020                . = ALIGN (0x20)
 *(.irq)
 *(.exceptions.entry.label)
 .exceptions.entry.label
                0x0000000000210020        0x0 e:/LABIV/TesteMemoVGA/Quartus/TestePixelBuffer/software/PixelBufferTeste_bsp/\libhal_bsp.a(alt_irq_entry.o)
                0x0000000000210020                alt_irq_entry
 .exceptions.entry.label
                0x0000000000210020        0x0 e:/LABIV/TesteMemoVGA/Quartus/TestePixelBuffer/software/PixelBufferTeste_bsp/\libhal_bsp.a(alt_exception_entry.o)
                0x0000000000210020                alt_exception
 *(.exceptions.entry.user)
 *(.exceptions.entry.ecc_fatal)
 *(.exceptions.entry)
 .exceptions.entry
                0x0000000000210020       0x54 e:/LABIV/TesteMemoVGA/Quartus/TestePixelBuffer/software/PixelBufferTeste_bsp/\libhal_bsp.a(alt_exception_entry.o)
 *(.exceptions.irqtest.user)
 *(.exceptions.irqtest)
 .exceptions.irqtest
                0x0000000000210074       0x10 e:/LABIV/TesteMemoVGA/Quartus/TestePixelBuffer/software/PixelBufferTeste_bsp/\libhal_bsp.a(alt_irq_entry.o)
 *(.exceptions.irqhandler.user)
 *(.exceptions.irqhandler)
 .exceptions.irqhandler
                0x0000000000210084        0x4 e:/LABIV/TesteMemoVGA/Quartus/TestePixelBuffer/software/PixelBufferTeste_bsp/\libhal_bsp.a(alt_irq_entry.o)
 *(.exceptions.irqreturn.user)
 *(.exceptions.irqreturn)
 .exceptions.irqreturn
                0x0000000000210088        0x4 e:/LABIV/TesteMemoVGA/Quartus/TestePixelBuffer/software/PixelBufferTeste_bsp/\libhal_bsp.a(alt_irq_entry.o)
 *(.exceptions.notirq.label)
 .exceptions.notirq.label
                0x000000000021008c        0x0 e:/LABIV/TesteMemoVGA/Quartus/TestePixelBuffer/software/PixelBufferTeste_bsp/\libhal_bsp.a(alt_irq_entry.o)
 *(.exceptions.notirq.user)
 *(.exceptions.notirq)
 .exceptions.notirq
                0x000000000021008c        0x8 e:/LABIV/TesteMemoVGA/Quartus/TestePixelBuffer/software/PixelBufferTeste_bsp/\libhal_bsp.a(alt_exception_entry.o)
 *(.exceptions.soft.user)
 *(.exceptions.soft)
 *(.exceptions.unknown.user)
 *(.exceptions.unknown)
 .exceptions.unknown
                0x0000000000210094       0x14 e:/LABIV/TesteMemoVGA/Quartus/TestePixelBuffer/software/PixelBufferTeste_bsp/\libhal_bsp.a(alt_exception_entry.o)
 *(.exceptions.exit.label)
 .exceptions.exit.label
                0x00000000002100a8        0x0 e:/LABIV/TesteMemoVGA/Quartus/TestePixelBuffer/software/PixelBufferTeste_bsp/\libhal_bsp.a(alt_irq_entry.o)
 .exceptions.exit.label
                0x00000000002100a8        0x0 e:/LABIV/TesteMemoVGA/Quartus/TestePixelBuffer/software/PixelBufferTeste_bsp/\libhal_bsp.a(alt_exception_entry.o)
 *(.exceptions.exit.user)
 *(.exceptions.exit)
 .exceptions.exit
                0x00000000002100a8       0x54 e:/LABIV/TesteMemoVGA/Quartus/TestePixelBuffer/software/PixelBufferTeste_bsp/\libhal_bsp.a(alt_exception_entry.o)
 *(.exceptions)
 .exceptions    0x00000000002100fc       0xc8 e:/LABIV/TesteMemoVGA/Quartus/TestePixelBuffer/software/PixelBufferTeste_bsp/\libhal_bsp.a(alt_irq_handler.o)
                0x00000000002100fc                alt_irq_handler
 .exceptions    0x00000000002101c4       0x60 e:/LABIV/TesteMemoVGA/Quartus/TestePixelBuffer/software/PixelBufferTeste_bsp/\libhal_bsp.a(alt_instruction_exception_entry.o)
                0x00000000002101c4                alt_instruction_exception_entry
                0x0000000000210224                PROVIDE (__ram_exceptions_end = ABSOLUTE (.))
                0x0000000000210020                PROVIDE (__flash_exceptions_start = LOADADDR (.exceptions))

.text           0x0000000000210224     0x2514
                [!provide]                        PROVIDE (stext = ABSOLUTE (.))
 *(.interp)
 *(.hash)
 *(.dynsym)
 *(.dynstr)
 *(.gnu.version)
 *(.gnu.version_d)
 *(.gnu.version_r)
 *(.rel.init)
 *(.rela.init)
 *(.rel.text .rel.text.* .rel.gnu.linkonce.t.*)
 *(.rela.text .rela.text.* .rela.gnu.linkonce.t.*)
 *(.rel.fini)
 *(.rela.fini)
 *(.rel.rodata .rel.rodata.* .rel.gnu.linkonce.r.*)
 *(.rela.rodata .rela.rodata.* .rela.gnu.linkonce.r.*)
 *(.rel.data .rel.data.* .rel.gnu.linkonce.d.*)
 *(.rela.data .rela.data.* .rela.gnu.linkonce.d.*)
 *(.rel.tdata .rel.tdata.* .rel.gnu.linkonce.td.*)
 *(.rela.tdata .rela.tdata.* .rela.gnu.linkonce.td.*)
 *(.rel.tbss .rel.tbss.* .rel.gnu.linkonce.tb.*)
 *(.rela.tbss .rela.tbss.* .rela.gnu.linkonce.tb.*)
 *(.rel.ctors)
 *(.rela.ctors)
 *(.rel.dtors)
 *(.rela.dtors)
 *(.rel.got)
 *(.rela.got)
 *(.rel.sdata .rel.sdata.* .rel.gnu.linkonce.s.*)
 *(.rela.sdata .rela.sdata.* .rela.gnu.linkonce.s.*)
 *(.rel.sbss .rel.sbss.* .rel.gnu.linkonce.sb.*)
 *(.rela.sbss .rela.sbss.* .rela.gnu.linkonce.sb.*)
 *(.rel.sdata2 .rel.sdata2.* .rel.gnu.linkonce.s2.*)
 *(.rela.sdata2 .rela.sdata2.* .rela.gnu.linkonce.s2.*)
 *(.rel.sbss2 .rel.sbss2.* .rel.gnu.linkonce.sb2.*)
 *(.rela.sbss2 .rela.sbss2.* .rela.gnu.linkonce.sb2.*)
 *(.rel.bss .rel.bss.* .rel.gnu.linkonce.b.*)
 *(.rela.bss .rela.bss.* .rela.gnu.linkonce.b.*)
 *(.rel.plt)
 *(.rela.plt)
 *(.rel.dyn)
 *(.init)
 *(.plt)
 *(.text .stub .text.* .gnu.linkonce.t.*)
 .text          0x0000000000210224       0x3c e:/LABIV/TesteMemoVGA/Quartus/TestePixelBuffer/software/PixelBufferTeste_bsp//obj/HAL/src/crt0.o
                0x0000000000210224                _start
 .text          0x0000000000210260       0x20 obj/default/main.o
                0x0000000000210260                main
 .text          0x0000000000210280       0xec e:/LABIV/TesteMemoVGA/Quartus/TestePixelBuffer/software/PixelBufferTeste_bsp/\libhal_bsp.a(alt_load.o)
                0x00000000002102e8                alt_load
 .text          0x000000000021036c       0x7c e:/LABIV/TesteMemoVGA/Quartus/TestePixelBuffer/software/PixelBufferTeste_bsp/\libhal_bsp.a(alt_main.o)
                0x000000000021036c                alt_main
 .text          0x00000000002103e8      0x3b0 e:/LABIV/TesteMemoVGA/Quartus/TestePixelBuffer/software/PixelBufferTeste_bsp/\libhal_bsp.a(alt_sys_init.o)
                0x000000000021041c                alt_irq_init
                0x0000000000210458                alt_sys_init
 .text          0x0000000000210798      0x164 e:/LABIV/TesteMemoVGA/Quartus/TestePixelBuffer/software/PixelBufferTeste_bsp/\libhal_bsp.a(altera_avalon_jtag_uart_fd.o)
                0x0000000000210798                altera_avalon_jtag_uart_read_fd
                0x00000000002107f8                altera_avalon_jtag_uart_write_fd
                0x0000000000210858                altera_avalon_jtag_uart_close_fd
                0x00000000002108a8                altera_avalon_jtag_uart_ioctl_fd
 .text          0x00000000002108fc      0x3d4 e:/LABIV/TesteMemoVGA/Quartus/TestePixelBuffer/software/PixelBufferTeste_bsp/\libhal_bsp.a(altera_avalon_jtag_uart_init.o)
                0x00000000002108fc                altera_avalon_jtag_uart_init
                0x0000000000210c68                altera_avalon_jtag_uart_close
 .text          0x0000000000210cd0       0xf4 e:/LABIV/TesteMemoVGA/Quartus/TestePixelBuffer/software/PixelBufferTeste_bsp/\libhal_bsp.a(altera_avalon_jtag_uart_ioctl.o)
                0x0000000000210cd0                altera_avalon_jtag_uart_ioctl
 .text          0x0000000000210dc4      0x220 e:/LABIV/TesteMemoVGA/Quartus/TestePixelBuffer/software/PixelBufferTeste_bsp/\libhal_bsp.a(altera_avalon_jtag_uart_read.o)
                0x0000000000210dc4                altera_avalon_jtag_uart_read
 .text          0x0000000000210fe4      0x228 e:/LABIV/TesteMemoVGA/Quartus/TestePixelBuffer/software/PixelBufferTeste_bsp/\libhal_bsp.a(altera_avalon_jtag_uart_write.o)
                0x0000000000210fe4                altera_avalon_jtag_uart_write
 .text          0x000000000021120c      0x100 e:/LABIV/TesteMemoVGA/Quartus/TestePixelBuffer/software/PixelBufferTeste_bsp/\libhal_bsp.a(altera_avalon_timer_sc.o)
                0x0000000000211288                alt_avalon_timer_sc_init
 .text          0x000000000021130c      0x134 e:/LABIV/TesteMemoVGA/Quartus/TestePixelBuffer/software/PixelBufferTeste_bsp/\libhal_bsp.a(alt_alarm_start.o)
                0x000000000021130c                alt_alarm_start
 .text          0x0000000000211440      0x118 e:/LABIV/TesteMemoVGA/Quartus/TestePixelBuffer/software/PixelBufferTeste_bsp/\libhal_bsp.a(alt_close.o)
                0x000000000021147c                close
 .text          0x0000000000211558       0x20 e:/LABIV/TesteMemoVGA/Quartus/TestePixelBuffer/software/PixelBufferTeste_bsp/\libhal_bsp.a(alt_dcache_flush_all.o)
                0x0000000000211558                alt_dcache_flush_all
 .text          0x0000000000211578       0x2c e:/LABIV/TesteMemoVGA/Quartus/TestePixelBuffer/software/PixelBufferTeste_bsp/\libhal_bsp.a(alt_dev.o)
 .text          0x00000000002115a4       0xe4 e:/LABIV/TesteMemoVGA/Quartus/TestePixelBuffer/software/PixelBufferTeste_bsp/\libhal_bsp.a(alt_dev_llist_insert.o)
                0x00000000002115e0                alt_dev_llist_insert
 .text          0x0000000000211688       0x64 e:/LABIV/TesteMemoVGA/Quartus/TestePixelBuffer/software/PixelBufferTeste_bsp/\libhal_bsp.a(alt_do_ctors.o)
                0x0000000000211688                _do_ctors
 .text          0x00000000002116ec       0x64 e:/LABIV/TesteMemoVGA/Quartus/TestePixelBuffer/software/PixelBufferTeste_bsp/\libhal_bsp.a(alt_do_dtors.o)
                0x00000000002116ec                _do_dtors
 .text          0x0000000000211750        0x0 e:/LABIV/TesteMemoVGA/Quartus/TestePixelBuffer/software/PixelBufferTeste_bsp/\libhal_bsp.a(alt_errno.o)
 .text          0x0000000000211750       0x20 e:/LABIV/TesteMemoVGA/Quartus/TestePixelBuffer/software/PixelBufferTeste_bsp/\libhal_bsp.a(alt_icache_flush_all.o)
                0x0000000000211750                alt_icache_flush_all
 .text          0x0000000000211770      0x1b0 e:/LABIV/TesteMemoVGA/Quartus/TestePixelBuffer/software/PixelBufferTeste_bsp/\libhal_bsp.a(alt_iic.o)
                0x0000000000211770                alt_ic_isr_register
                0x00000000002117c0                alt_ic_irq_enable
                0x0000000000211848                alt_ic_irq_disable
                0x00000000002118d4                alt_ic_irq_enabled
 .text          0x0000000000211920       0xe8 e:/LABIV/TesteMemoVGA/Quartus/TestePixelBuffer/software/PixelBufferTeste_bsp/\libhal_bsp.a(alt_iic_isr_register.o)
                0x0000000000211920                alt_iic_isr_register
 .text          0x0000000000211a08      0x150 e:/LABIV/TesteMemoVGA/Quartus/TestePixelBuffer/software/PixelBufferTeste_bsp/\libhal_bsp.a(alt_io_redirect.o)
                0x0000000000211adc                alt_io_redirect
 .text          0x0000000000211b58        0x0 e:/LABIV/TesteMemoVGA/Quartus/TestePixelBuffer/software/PixelBufferTeste_bsp/\libhal_bsp.a(alt_irq_entry.o)
 .text          0x0000000000211b58        0x0 e:/LABIV/TesteMemoVGA/Quartus/TestePixelBuffer/software/PixelBufferTeste_bsp/\libhal_bsp.a(alt_irq_handler.o)
 .text          0x0000000000211b58        0x0 e:/LABIV/TesteMemoVGA/Quartus/TestePixelBuffer/software/PixelBufferTeste_bsp/\libhal_bsp.a(alt_irq_vars.o)
 .text          0x0000000000211b58      0x278 e:/LABIV/TesteMemoVGA/Quartus/TestePixelBuffer/software/PixelBufferTeste_bsp/\libhal_bsp.a(alt_open.o)
                0x0000000000211c70                open
 .text          0x0000000000211dd0       0x70 e:/LABIV/TesteMemoVGA/Quartus/TestePixelBuffer/software/PixelBufferTeste_bsp/\libhal_bsp.a(alt_release_fd.o)
                0x0000000000211dd0                alt_release_fd
 .text          0x0000000000211e40      0x1ac e:/LABIV/TesteMemoVGA/Quartus/TestePixelBuffer/software/PixelBufferTeste_bsp/\libhal_bsp.a(alt_tick.o)
                0x0000000000211e40                alt_alarm_stop
                0x0000000000211ee4                alt_tick
 .text          0x0000000000211fec       0x24 e:/LABIV/TesteMemoVGA/Quartus/TestePixelBuffer/software/PixelBufferTeste_bsp/\libhal_bsp.a(altera_nios2_gen2_irq.o)
                0x0000000000211fec                altera_nios2_gen2_irq_init
 .text          0x0000000000212010        0x0 e:/LABIV/TesteMemoVGA/Quartus/TestePixelBuffer/software/PixelBufferTeste_bsp/\libhal_bsp.a(alt_exception_entry.o)
 .text          0x0000000000212010       0x90 e:/LABIV/TesteMemoVGA/Quartus/TestePixelBuffer/software/PixelBufferTeste_bsp/\libhal_bsp.a(alt_find_dev.o)
                0x0000000000212010                alt_find_dev
 .text          0x00000000002120a0      0x108 e:/LABIV/TesteMemoVGA/Quartus/TestePixelBuffer/software/PixelBufferTeste_bsp/\libhal_bsp.a(alt_find_file.o)
                0x00000000002120a0                alt_find_file
 .text          0x00000000002121a8       0xb8 e:/LABIV/TesteMemoVGA/Quartus/TestePixelBuffer/software/PixelBufferTeste_bsp/\libhal_bsp.a(alt_get_fd.o)
                0x00000000002121a8                alt_get_fd
 .text          0x0000000000212260       0x98 e:/LABIV/TesteMemoVGA/Quartus/TestePixelBuffer/software/PixelBufferTeste_bsp/\libhal_bsp.a(alt_instruction_exception_entry.o)
                0x0000000000212260                alt_exception_cause_generated_bad_addr
 .text          0x00000000002122f8        0x0 d:/programas/intelfpga/nios2eds/bin/gnu/h-x86_64-mingw32/bin/../lib/gcc/nios2-elf/10.1.1/../../../../../H-x86_64-mingw32/nios2-elf/lib/mno-hw-mul\libc.a(lib_a-atexit.o)
 .text.atexit   0x00000000002122f8       0x14 d:/programas/intelfpga/nios2eds/bin/gnu/h-x86_64-mingw32/bin/../lib/gcc/nios2-elf/10.1.1/../../../../../H-x86_64-mingw32/nios2-elf/lib/mno-hw-mul\libc.a(lib_a-atexit.o)
                0x00000000002122f8                atexit
 .text          0x000000000021230c        0x0 d:/programas/intelfpga/nios2eds/bin/gnu/h-x86_64-mingw32/bin/../lib/gcc/nios2-elf/10.1.1/../../../../../H-x86_64-mingw32/nios2-elf/lib/mno-hw-mul\libc.a(lib_a-exit.o)
 .text.exit     0x000000000021230c       0x34 d:/programas/intelfpga/nios2eds/bin/gnu/h-x86_64-mingw32/bin/../lib/gcc/nios2-elf/10.1.1/../../../../../H-x86_64-mingw32/nios2-elf/lib/mno-hw-mul\libc.a(lib_a-exit.o)
                0x000000000021230c                exit
 .text          0x0000000000212340        0x0 d:/programas/intelfpga/nios2eds/bin/gnu/h-x86_64-mingw32/bin/../lib/gcc/nios2-elf/10.1.1/../../../../../H-x86_64-mingw32/nios2-elf/lib/mno-hw-mul\libc.a(lib_a-impure.o)
 .text          0x0000000000212340        0x0 d:/programas/intelfpga/nios2eds/bin/gnu/h-x86_64-mingw32/bin/../lib/gcc/nios2-elf/10.1.1/../../../../../H-x86_64-mingw32/nios2-elf/lib/mno-hw-mul\libc.a(lib_a-int_errno.o)
 .text          0x0000000000212340        0x0 d:/programas/intelfpga/nios2eds/bin/gnu/h-x86_64-mingw32/bin/../lib/gcc/nios2-elf/10.1.1/../../../../../H-x86_64-mingw32/nios2-elf/lib/mno-hw-mul\libc.a(lib_a-memcmp.o)
 .text.memcmp   0x0000000000212340       0x78 d:/programas/intelfpga/nios2eds/bin/gnu/h-x86_64-mingw32/bin/../lib/gcc/nios2-elf/10.1.1/../../../../../H-x86_64-mingw32/nios2-elf/lib/mno-hw-mul\libc.a(lib_a-memcmp.o)
                0x0000000000212340                memcmp
 .text          0x00000000002123b8        0x0 d:/programas/intelfpga/nios2eds/bin/gnu/h-x86_64-mingw32/bin/../lib/gcc/nios2-elf/10.1.1/../../../../../H-x86_64-mingw32/nios2-elf/lib/mno-hw-mul\libc.a(lib_a-memcpy.o)
 .text.memcpy   0x00000000002123b8      0x100 d:/programas/intelfpga/nios2eds/bin/gnu/h-x86_64-mingw32/bin/../lib/gcc/nios2-elf/10.1.1/../../../../../H-x86_64-mingw32/nios2-elf/lib/mno-hw-mul\libc.a(lib_a-memcpy.o)
                0x00000000002123b8                memcpy
 .text          0x00000000002124b8        0x0 d:/programas/intelfpga/nios2eds/bin/gnu/h-x86_64-mingw32/bin/../lib/gcc/nios2-elf/10.1.1/../../../../../H-x86_64-mingw32/nios2-elf/lib/mno-hw-mul\libc.a(lib_a-strlen.o)
 .text.strlen   0x00000000002124b8       0x98 d:/programas/intelfpga/nios2eds/bin/gnu/h-x86_64-mingw32/bin/../lib/gcc/nios2-elf/10.1.1/../../../../../H-x86_64-mingw32/nios2-elf/lib/mno-hw-mul\libc.a(lib_a-strlen.o)
                0x00000000002124b8                strlen
 .text          0x0000000000212550        0x0 d:/programas/intelfpga/nios2eds/bin/gnu/h-x86_64-mingw32/bin/../lib/gcc/nios2-elf/10.1.1/../../../../../H-x86_64-mingw32/nios2-elf/lib/mno-hw-mul\libc.a(lib_a-__atexit.o)
 .text.__register_exitproc
                0x0000000000212550       0x90 d:/programas/intelfpga/nios2eds/bin/gnu/h-x86_64-mingw32/bin/../lib/gcc/nios2-elf/10.1.1/../../../../../H-x86_64-mingw32/nios2-elf/lib/mno-hw-mul\libc.a(lib_a-__atexit.o)
                0x0000000000212550                __register_exitproc
 .text          0x00000000002125e0        0x0 d:/programas/intelfpga/nios2eds/bin/gnu/h-x86_64-mingw32/bin/../lib/gcc/nios2-elf/10.1.1/../../../../../H-x86_64-mingw32/nios2-elf/lib/mno-hw-mul\libc.a(lib_a-__call_atexit.o)
 .text.__call_exitprocs
                0x00000000002125e0      0x120 d:/programas/intelfpga/nios2eds/bin/gnu/h-x86_64-mingw32/bin/../lib/gcc/nios2-elf/10.1.1/../../../../../H-x86_64-mingw32/nios2-elf/lib/mno-hw-mul\libc.a(lib_a-__call_atexit.o)
                0x00000000002125e0                __call_exitprocs
 .text          0x0000000000212700       0x38 e:/LABIV/TesteMemoVGA/Quartus/TestePixelBuffer/software/PixelBufferTeste_bsp/\libhal_bsp.a(alt_exit.o)
                0x0000000000212700                _exit
 *(.gnu.warning.*)
 *(.fini)
                [!provide]                        PROVIDE (__etext = ABSOLUTE (.))
                [!provide]                        PROVIDE (_etext = ABSOLUTE (.))
                [!provide]                        PROVIDE (etext = ABSOLUTE (.))
 *(.eh_frame_hdr)
                0x0000000000212738                . = ALIGN (0x4)
                [!provide]                        PROVIDE (__preinit_array_start = ABSOLUTE (.))
 *(.preinit_array)
                [!provide]                        PROVIDE (__preinit_array_end = ABSOLUTE (.))
                [!provide]                        PROVIDE (__init_array_start = ABSOLUTE (.))
 *(.init_array)
                [!provide]                        PROVIDE (__init_array_end = ABSOLUTE (.))
                [!provide]                        PROVIDE (__fini_array_start = ABSOLUTE (.))
 *(.fini_array)
                [!provide]                        PROVIDE (__fini_array_end = ABSOLUTE (.))
 *(.eh_frame)
 *(.gcc_except_table .gcc_except_table.*)
 *(.dynamic)
                0x0000000000212738                PROVIDE (__CTOR_LIST__ = ABSOLUTE (.))
 *(.ctors)
 *(SORT_BY_NAME(.ctors.*))
                0x0000000000212738                PROVIDE (__CTOR_END__ = ABSOLUTE (.))
                0x0000000000212738                PROVIDE (__DTOR_LIST__ = ABSOLUTE (.))
 *(.dtors)
 *(SORT_BY_NAME(.dtors.*))
                0x0000000000212738                PROVIDE (__DTOR_END__ = ABSOLUTE (.))
 *(.jcr)
                0x0000000000212738                . = ALIGN (0x4)

.rodata         0x0000000000212738       0x70
                0x0000000000212738                PROVIDE (__ram_rodata_start = ABSOLUTE (.))
                0x0000000000212738                . = ALIGN (0x4)
 *(.rodata .rodata.* .gnu.linkonce.r.*)
 .rodata        0x0000000000212738        0xf e:/LABIV/TesteMemoVGA/Quartus/TestePixelBuffer/software/PixelBufferTeste_bsp/\libhal_bsp.a(alt_main.o)
 *fill*         0x0000000000212747        0x1 
 .rodata        0x0000000000212748       0x53 e:/LABIV/TesteMemoVGA/Quartus/TestePixelBuffer/software/PixelBufferTeste_bsp/\libhal_bsp.a(alt_sys_init.o)
 *fill*         0x000000000021279b        0x1 
 .rodata        0x000000000021279c        0xa e:/LABIV/TesteMemoVGA/Quartus/TestePixelBuffer/software/PixelBufferTeste_bsp/\libhal_bsp.a(alt_dev.o)
 *(.rodata1)
                0x00000000002127a8                . = ALIGN (0x4)
 *fill*         0x00000000002127a6        0x2 
                0x00000000002127a8                PROVIDE (__ram_rodata_end = ABSOLUTE (.))
                0x0000000000212738                PROVIDE (__flash_rodata_start = LOADADDR (.rodata))

.rwdata         0x00000000002127a8     0x1734 load address 0x0000000000213edc
                0x00000000002127a8                PROVIDE (__ram_rwdata_start = ABSOLUTE (.))
                0x00000000002127a8                . = ALIGN (0x4)
 *(.got.plt)
 *(.got)
 *(.data1)
 *(.data .data.* .gnu.linkonce.d.*)
 .data          0x00000000002127a8        0x0 e:/LABIV/TesteMemoVGA/Quartus/TestePixelBuffer/software/PixelBufferTeste_bsp//obj/HAL/src/crt0.o
 .data          0x00000000002127a8        0x0 obj/default/main.o
 .data          0x00000000002127a8        0x0 e:/LABIV/TesteMemoVGA/Quartus/TestePixelBuffer/software/PixelBufferTeste_bsp/\libhal_bsp.a(alt_load.o)
 .data          0x00000000002127a8        0x0 e:/LABIV/TesteMemoVGA/Quartus/TestePixelBuffer/software/PixelBufferTeste_bsp/\libhal_bsp.a(alt_main.o)
 .data          0x00000000002127a8     0x113c e:/LABIV/TesteMemoVGA/Quartus/TestePixelBuffer/software/PixelBufferTeste_bsp/\libhal_bsp.a(alt_sys_init.o)
 .data          0x00000000002138e4        0x0 e:/LABIV/TesteMemoVGA/Quartus/TestePixelBuffer/software/PixelBufferTeste_bsp/\libhal_bsp.a(altera_avalon_jtag_uart_fd.o)
 .data          0x00000000002138e4        0x0 e:/LABIV/TesteMemoVGA/Quartus/TestePixelBuffer/software/PixelBufferTeste_bsp/\libhal_bsp.a(altera_avalon_jtag_uart_init.o)
 .data          0x00000000002138e4        0x0 e:/LABIV/TesteMemoVGA/Quartus/TestePixelBuffer/software/PixelBufferTeste_bsp/\libhal_bsp.a(altera_avalon_jtag_uart_ioctl.o)
 .data          0x00000000002138e4        0x0 e:/LABIV/TesteMemoVGA/Quartus/TestePixelBuffer/software/PixelBufferTeste_bsp/\libhal_bsp.a(altera_avalon_jtag_uart_read.o)
 .data          0x00000000002138e4        0x0 e:/LABIV/TesteMemoVGA/Quartus/TestePixelBuffer/software/PixelBufferTeste_bsp/\libhal_bsp.a(altera_avalon_jtag_uart_write.o)
 .data          0x00000000002138e4        0x0 e:/LABIV/TesteMemoVGA/Quartus/TestePixelBuffer/software/PixelBufferTeste_bsp/\libhal_bsp.a(altera_avalon_timer_sc.o)
 .data          0x00000000002138e4        0x0 e:/LABIV/TesteMemoVGA/Quartus/TestePixelBuffer/software/PixelBufferTeste_bsp/\libhal_bsp.a(alt_alarm_start.o)
 .data          0x00000000002138e4        0x0 e:/LABIV/TesteMemoVGA/Quartus/TestePixelBuffer/software/PixelBufferTeste_bsp/\libhal_bsp.a(alt_close.o)
 .data          0x00000000002138e4        0x0 e:/LABIV/TesteMemoVGA/Quartus/TestePixelBuffer/software/PixelBufferTeste_bsp/\libhal_bsp.a(alt_dcache_flush_all.o)
 .data          0x00000000002138e4      0x1a8 e:/LABIV/TesteMemoVGA/Quartus/TestePixelBuffer/software/PixelBufferTeste_bsp/\libhal_bsp.a(alt_dev.o)
                0x00000000002138e4                alt_dev_null
                0x000000000021390c                alt_fd_list
 .data          0x0000000000213a8c        0x0 e:/LABIV/TesteMemoVGA/Quartus/TestePixelBuffer/software/PixelBufferTeste_bsp/\libhal_bsp.a(alt_dev_llist_insert.o)
 .data          0x0000000000213a8c        0x0 e:/LABIV/TesteMemoVGA/Quartus/TestePixelBuffer/software/PixelBufferTeste_bsp/\libhal_bsp.a(alt_do_ctors.o)
 .data          0x0000000000213a8c        0x0 e:/LABIV/TesteMemoVGA/Quartus/TestePixelBuffer/software/PixelBufferTeste_bsp/\libhal_bsp.a(alt_do_dtors.o)
 .data          0x0000000000213a8c        0x0 e:/LABIV/TesteMemoVGA/Quartus/TestePixelBuffer/software/PixelBufferTeste_bsp/\libhal_bsp.a(alt_errno.o)
 .data          0x0000000000213a8c        0x0 e:/LABIV/TesteMemoVGA/Quartus/TestePixelBuffer/software/PixelBufferTeste_bsp/\libhal_bsp.a(alt_icache_flush_all.o)
 .data          0x0000000000213a8c        0x0 e:/LABIV/TesteMemoVGA/Quartus/TestePixelBuffer/software/PixelBufferTeste_bsp/\libhal_bsp.a(alt_iic.o)
 .data          0x0000000000213a8c        0x0 e:/LABIV/TesteMemoVGA/Quartus/TestePixelBuffer/software/PixelBufferTeste_bsp/\libhal_bsp.a(alt_iic_isr_register.o)
 .data          0x0000000000213a8c        0x0 e:/LABIV/TesteMemoVGA/Quartus/TestePixelBuffer/software/PixelBufferTeste_bsp/\libhal_bsp.a(alt_io_redirect.o)
 .data          0x0000000000213a8c        0x0 e:/LABIV/TesteMemoVGA/Quartus/TestePixelBuffer/software/PixelBufferTeste_bsp/\libhal_bsp.a(alt_irq_entry.o)
 .data          0x0000000000213a8c        0x0 e:/LABIV/TesteMemoVGA/Quartus/TestePixelBuffer/software/PixelBufferTeste_bsp/\libhal_bsp.a(alt_irq_handler.o)
 .data          0x0000000000213a8c        0x0 e:/LABIV/TesteMemoVGA/Quartus/TestePixelBuffer/software/PixelBufferTeste_bsp/\libhal_bsp.a(alt_irq_vars.o)
 .data          0x0000000000213a8c        0x0 e:/LABIV/TesteMemoVGA/Quartus/TestePixelBuffer/software/PixelBufferTeste_bsp/\libhal_bsp.a(alt_open.o)
 .data          0x0000000000213a8c        0x0 e:/LABIV/TesteMemoVGA/Quartus/TestePixelBuffer/software/PixelBufferTeste_bsp/\libhal_bsp.a(alt_release_fd.o)
 .data          0x0000000000213a8c        0x0 e:/LABIV/TesteMemoVGA/Quartus/TestePixelBuffer/software/PixelBufferTeste_bsp/\libhal_bsp.a(alt_tick.o)
 .data          0x0000000000213a8c        0x0 e:/LABIV/TesteMemoVGA/Quartus/TestePixelBuffer/software/PixelBufferTeste_bsp/\libhal_bsp.a(altera_nios2_gen2_irq.o)
 .data          0x0000000000213a8c        0x0 e:/LABIV/TesteMemoVGA/Quartus/TestePixelBuffer/software/PixelBufferTeste_bsp/\libhal_bsp.a(alt_exception_entry.o)
 .data          0x0000000000213a8c        0x0 e:/LABIV/TesteMemoVGA/Quartus/TestePixelBuffer/software/PixelBufferTeste_bsp/\libhal_bsp.a(alt_find_dev.o)
 .data          0x0000000000213a8c        0x0 e:/LABIV/TesteMemoVGA/Quartus/TestePixelBuffer/software/PixelBufferTeste_bsp/\libhal_bsp.a(alt_find_file.o)
 .data          0x0000000000213a8c        0x0 e:/LABIV/TesteMemoVGA/Quartus/TestePixelBuffer/software/PixelBufferTeste_bsp/\libhal_bsp.a(alt_get_fd.o)
 .data          0x0000000000213a8c        0x0 e:/LABIV/TesteMemoVGA/Quartus/TestePixelBuffer/software/PixelBufferTeste_bsp/\libhal_bsp.a(alt_instruction_exception_entry.o)
 .data          0x0000000000213a8c        0x0 d:/programas/intelfpga/nios2eds/bin/gnu/h-x86_64-mingw32/bin/../lib/gcc/nios2-elf/10.1.1/../../../../../H-x86_64-mingw32/nios2-elf/lib/mno-hw-mul\libc.a(lib_a-atexit.o)
 .data          0x0000000000213a8c        0x0 d:/programas/intelfpga/nios2eds/bin/gnu/h-x86_64-mingw32/bin/../lib/gcc/nios2-elf/10.1.1/../../../../../H-x86_64-mingw32/nios2-elf/lib/mno-hw-mul\libc.a(lib_a-exit.o)
 .data          0x0000000000213a8c        0x0 d:/programas/intelfpga/nios2eds/bin/gnu/h-x86_64-mingw32/bin/../lib/gcc/nios2-elf/10.1.1/../../../../../H-x86_64-mingw32/nios2-elf/lib/mno-hw-mul\libc.a(lib_a-impure.o)
 .data.impure_data
                0x0000000000213a8c      0x424 d:/programas/intelfpga/nios2eds/bin/gnu/h-x86_64-mingw32/bin/../lib/gcc/nios2-elf/10.1.1/../../../../../H-x86_64-mingw32/nios2-elf/lib/mno-hw-mul\libc.a(lib_a-impure.o)
 .data          0x0000000000213eb0        0x0 d:/programas/intelfpga/nios2eds/bin/gnu/h-x86_64-mingw32/bin/../lib/gcc/nios2-elf/10.1.1/../../../../../H-x86_64-mingw32/nios2-elf/lib/mno-hw-mul\libc.a(lib_a-int_errno.o)
 .data          0x0000000000213eb0        0x0 d:/programas/intelfpga/nios2eds/bin/gnu/h-x86_64-mingw32/bin/../lib/gcc/nios2-elf/10.1.1/../../../../../H-x86_64-mingw32/nios2-elf/lib/mno-hw-mul\libc.a(lib_a-memcmp.o)
 .data          0x0000000000213eb0        0x0 d:/programas/intelfpga/nios2eds/bin/gnu/h-x86_64-mingw32/bin/../lib/gcc/nios2-elf/10.1.1/../../../../../H-x86_64-mingw32/nios2-elf/lib/mno-hw-mul\libc.a(lib_a-memcpy.o)
 .data          0x0000000000213eb0        0x0 d:/programas/intelfpga/nios2eds/bin/gnu/h-x86_64-mingw32/bin/../lib/gcc/nios2-elf/10.1.1/../../../../../H-x86_64-mingw32/nios2-elf/lib/mno-hw-mul\libc.a(lib_a-strlen.o)
 .data          0x0000000000213eb0        0x0 d:/programas/intelfpga/nios2eds/bin/gnu/h-x86_64-mingw32/bin/../lib/gcc/nios2-elf/10.1.1/../../../../../H-x86_64-mingw32/nios2-elf/lib/mno-hw-mul\libc.a(lib_a-__atexit.o)
 .data          0x0000000000213eb0        0x0 d:/programas/intelfpga/nios2eds/bin/gnu/h-x86_64-mingw32/bin/../lib/gcc/nios2-elf/10.1.1/../../../../../H-x86_64-mingw32/nios2-elf/lib/mno-hw-mul\libc.a(lib_a-__call_atexit.o)
 .data          0x0000000000213eb0        0x0 e:/LABIV/TesteMemoVGA/Quartus/TestePixelBuffer/software/PixelBufferTeste_bsp/\libhal_bsp.a(alt_exit.o)
                0x000000000021beb0                _gp = ABSOLUTE ((. + 0x8000))
                [!provide]                        PROVIDE (gp = _gp)
 *(.rwdata .rwdata.*)
 *(.sdata .sdata.* .gnu.linkonce.s.*)
 .sdata         0x0000000000213eb0       0x14 e:/LABIV/TesteMemoVGA/Quartus/TestePixelBuffer/software/PixelBufferTeste_bsp/\libhal_bsp.a(alt_dev.o)
                0x0000000000213eb0                alt_fs_list
                0x0000000000213eb8                alt_dev_list
                0x0000000000213ec0                alt_max_fd
 .sdata         0x0000000000213ec4        0x4 e:/LABIV/TesteMemoVGA/Quartus/TestePixelBuffer/software/PixelBufferTeste_bsp/\libhal_bsp.a(alt_errno.o)
                0x0000000000213ec4                alt_errno
 .sdata         0x0000000000213ec8        0x4 e:/LABIV/TesteMemoVGA/Quartus/TestePixelBuffer/software/PixelBufferTeste_bsp/\libhal_bsp.a(alt_irq_vars.o)
                0x0000000000213ec8                alt_priority_mask
 .sdata         0x0000000000213ecc        0x8 e:/LABIV/TesteMemoVGA/Quartus/TestePixelBuffer/software/PixelBufferTeste_bsp/\libhal_bsp.a(alt_tick.o)
                0x0000000000213ecc                alt_alarm_list
 .sdata._global_impure_ptr
                0x0000000000213ed4        0x4 d:/programas/intelfpga/nios2eds/bin/gnu/h-x86_64-mingw32/bin/../lib/gcc/nios2-elf/10.1.1/../../../../../H-x86_64-mingw32/nios2-elf/lib/mno-hw-mul\libc.a(lib_a-impure.o)
                0x0000000000213ed4                _global_impure_ptr
 .sdata._impure_ptr
                0x0000000000213ed8        0x4 d:/programas/intelfpga/nios2eds/bin/gnu/h-x86_64-mingw32/bin/../lib/gcc/nios2-elf/10.1.1/../../../../../H-x86_64-mingw32/nios2-elf/lib/mno-hw-mul\libc.a(lib_a-impure.o)
                0x0000000000213ed8                _impure_ptr
 *(.sdata2 .sdata2.* .gnu.linkonce.s2.*)
                0x0000000000213edc                . = ALIGN (0x4)
                0x0000000000213edc                _edata = ABSOLUTE (.)
                [!provide]                        PROVIDE (edata = ABSOLUTE (.))
                0x0000000000213edc                PROVIDE (__ram_rwdata_end = ABSOLUTE (.))
                0x0000000000213edc                PROVIDE (__flash_rwdata_start = LOADADDR (.rwdata))

.bss            0x0000000000215610      0x120
                0x0000000000215610                __bss_start = ABSOLUTE (.)
                [!provide]                        PROVIDE (__sbss_start = ABSOLUTE (.))
                [!provide]                        PROVIDE (___sbss_start = ABSOLUTE (.))
 *(.dynsbss)
 *(.sbss .sbss.* .gnu.linkonce.sb.*)
 .sbss          0x0000000000215610        0xc e:/LABIV/TesteMemoVGA/Quartus/TestePixelBuffer/software/PixelBufferTeste_bsp/\libhal_bsp.a(alt_main.o)
                0x0000000000215610                alt_argc
                0x0000000000215614                alt_argv
                0x0000000000215618                alt_envp
 .sbss          0x000000000021561c        0x4 e:/LABIV/TesteMemoVGA/Quartus/TestePixelBuffer/software/PixelBufferTeste_bsp/\libhal_bsp.a(alt_irq_vars.o)
                0x000000000021561c                alt_irq_active
 .sbss          0x0000000000215620        0x8 e:/LABIV/TesteMemoVGA/Quartus/TestePixelBuffer/software/PixelBufferTeste_bsp/\libhal_bsp.a(alt_tick.o)
                0x0000000000215620                _alt_tick_rate
                0x0000000000215624                _alt_nticks
 .sbss          0x0000000000215628        0x4 e:/LABIV/TesteMemoVGA/Quartus/TestePixelBuffer/software/PixelBufferTeste_bsp/\libhal_bsp.a(alt_instruction_exception_entry.o)
                0x0000000000215628                alt_instruction_exception_handler
 .sbss.errno    0x000000000021562c        0x4 d:/programas/intelfpga/nios2eds/bin/gnu/h-x86_64-mingw32/bin/../lib/gcc/nios2-elf/10.1.1/../../../../../H-x86_64-mingw32/nios2-elf/lib/mno-hw-mul\libc.a(lib_a-int_errno.o)
                0x000000000021562c                errno
 *(.sbss2 .sbss2.* .gnu.linkonce.sb2.*)
 *(.scommon)
                [!provide]                        PROVIDE (__sbss_end = ABSOLUTE (.))
                [!provide]                        PROVIDE (___sbss_end = ABSOLUTE (.))
 *(.dynbss)
 *(.bss .bss.* .gnu.linkonce.b.*)
 .bss           0x0000000000215630        0x0 e:/LABIV/TesteMemoVGA/Quartus/TestePixelBuffer/software/PixelBufferTeste_bsp//obj/HAL/src/crt0.o
 .bss           0x0000000000215630        0x0 obj/default/main.o
 .bss           0x0000000000215630        0x0 e:/LABIV/TesteMemoVGA/Quartus/TestePixelBuffer/software/PixelBufferTeste_bsp/\libhal_bsp.a(alt_load.o)
 .bss           0x0000000000215630        0x0 e:/LABIV/TesteMemoVGA/Quartus/TestePixelBuffer/software/PixelBufferTeste_bsp/\libhal_bsp.a(alt_main.o)
 .bss           0x0000000000215630        0x0 e:/LABIV/TesteMemoVGA/Quartus/TestePixelBuffer/software/PixelBufferTeste_bsp/\libhal_bsp.a(alt_sys_init.o)
 .bss           0x0000000000215630        0x0 e:/LABIV/TesteMemoVGA/Quartus/TestePixelBuffer/software/PixelBufferTeste_bsp/\libhal_bsp.a(altera_avalon_jtag_uart_fd.o)
 .bss           0x0000000000215630        0x0 e:/LABIV/TesteMemoVGA/Quartus/TestePixelBuffer/software/PixelBufferTeste_bsp/\libhal_bsp.a(altera_avalon_jtag_uart_init.o)
 .bss           0x0000000000215630        0x0 e:/LABIV/TesteMemoVGA/Quartus/TestePixelBuffer/software/PixelBufferTeste_bsp/\libhal_bsp.a(altera_avalon_jtag_uart_ioctl.o)
 .bss           0x0000000000215630        0x0 e:/LABIV/TesteMemoVGA/Quartus/TestePixelBuffer/software/PixelBufferTeste_bsp/\libhal_bsp.a(altera_avalon_jtag_uart_read.o)
 .bss           0x0000000000215630        0x0 e:/LABIV/TesteMemoVGA/Quartus/TestePixelBuffer/software/PixelBufferTeste_bsp/\libhal_bsp.a(altera_avalon_jtag_uart_write.o)
 .bss           0x0000000000215630        0x0 e:/LABIV/TesteMemoVGA/Quartus/TestePixelBuffer/software/PixelBufferTeste_bsp/\libhal_bsp.a(altera_avalon_timer_sc.o)
 .bss           0x0000000000215630        0x0 e:/LABIV/TesteMemoVGA/Quartus/TestePixelBuffer/software/PixelBufferTeste_bsp/\libhal_bsp.a(alt_alarm_start.o)
 .bss           0x0000000000215630        0x0 e:/LABIV/TesteMemoVGA/Quartus/TestePixelBuffer/software/PixelBufferTeste_bsp/\libhal_bsp.a(alt_close.o)
 .bss           0x0000000000215630        0x0 e:/LABIV/TesteMemoVGA/Quartus/TestePixelBuffer/software/PixelBufferTeste_bsp/\libhal_bsp.a(alt_dcache_flush_all.o)
 .bss           0x0000000000215630        0x0 e:/LABIV/TesteMemoVGA/Quartus/TestePixelBuffer/software/PixelBufferTeste_bsp/\libhal_bsp.a(alt_dev.o)
 .bss           0x0000000000215630        0x0 e:/LABIV/TesteMemoVGA/Quartus/TestePixelBuffer/software/PixelBufferTeste_bsp/\libhal_bsp.a(alt_dev_llist_insert.o)
 .bss           0x0000000000215630        0x0 e:/LABIV/TesteMemoVGA/Quartus/TestePixelBuffer/software/PixelBufferTeste_bsp/\libhal_bsp.a(alt_do_ctors.o)
 .bss           0x0000000000215630        0x0 e:/LABIV/TesteMemoVGA/Quartus/TestePixelBuffer/software/PixelBufferTeste_bsp/\libhal_bsp.a(alt_do_dtors.o)
 .bss           0x0000000000215630        0x0 e:/LABIV/TesteMemoVGA/Quartus/TestePixelBuffer/software/PixelBufferTeste_bsp/\libhal_bsp.a(alt_errno.o)
 .bss           0x0000000000215630        0x0 e:/LABIV/TesteMemoVGA/Quartus/TestePixelBuffer/software/PixelBufferTeste_bsp/\libhal_bsp.a(alt_icache_flush_all.o)
 .bss           0x0000000000215630        0x0 e:/LABIV/TesteMemoVGA/Quartus/TestePixelBuffer/software/PixelBufferTeste_bsp/\libhal_bsp.a(alt_iic.o)
 .bss           0x0000000000215630        0x0 e:/LABIV/TesteMemoVGA/Quartus/TestePixelBuffer/software/PixelBufferTeste_bsp/\libhal_bsp.a(alt_iic_isr_register.o)
 .bss           0x0000000000215630        0x0 e:/LABIV/TesteMemoVGA/Quartus/TestePixelBuffer/software/PixelBufferTeste_bsp/\libhal_bsp.a(alt_io_redirect.o)
 .bss           0x0000000000215630        0x0 e:/LABIV/TesteMemoVGA/Quartus/TestePixelBuffer/software/PixelBufferTeste_bsp/\libhal_bsp.a(alt_irq_entry.o)
 .bss           0x0000000000215630      0x100 e:/LABIV/TesteMemoVGA/Quartus/TestePixelBuffer/software/PixelBufferTeste_bsp/\libhal_bsp.a(alt_irq_handler.o)
                0x0000000000215630                alt_irq
 .bss           0x0000000000215730        0x0 e:/LABIV/TesteMemoVGA/Quartus/TestePixelBuffer/software/PixelBufferTeste_bsp/\libhal_bsp.a(alt_irq_vars.o)
 .bss           0x0000000000215730        0x0 e:/LABIV/TesteMemoVGA/Quartus/TestePixelBuffer/software/PixelBufferTeste_bsp/\libhal_bsp.a(alt_open.o)
 .bss           0x0000000000215730        0x0 e:/LABIV/TesteMemoVGA/Quartus/TestePixelBuffer/software/PixelBufferTeste_bsp/\libhal_bsp.a(alt_release_fd.o)
 .bss           0x0000000000215730        0x0 e:/LABIV/TesteMemoVGA/Quartus/TestePixelBuffer/software/PixelBufferTeste_bsp/\libhal_bsp.a(alt_tick.o)
 .bss           0x0000000000215730        0x0 e:/LABIV/TesteMemoVGA/Quartus/TestePixelBuffer/software/PixelBufferTeste_bsp/\libhal_bsp.a(altera_nios2_gen2_irq.o)
 .bss           0x0000000000215730        0x0 e:/LABIV/TesteMemoVGA/Quartus/TestePixelBuffer/software/PixelBufferTeste_bsp/\libhal_bsp.a(alt_exception_entry.o)
 .bss           0x0000000000215730        0x0 e:/LABIV/TesteMemoVGA/Quartus/TestePixelBuffer/software/PixelBufferTeste_bsp/\libhal_bsp.a(alt_find_dev.o)
 .bss           0x0000000000215730        0x0 e:/LABIV/TesteMemoVGA/Quartus/TestePixelBuffer/software/PixelBufferTeste_bsp/\libhal_bsp.a(alt_find_file.o)
 .bss           0x0000000000215730        0x0 e:/LABIV/TesteMemoVGA/Quartus/TestePixelBuffer/software/PixelBufferTeste_bsp/\libhal_bsp.a(alt_get_fd.o)
 .bss           0x0000000000215730        0x0 e:/LABIV/TesteMemoVGA/Quartus/TestePixelBuffer/software/PixelBufferTeste_bsp/\libhal_bsp.a(alt_instruction_exception_entry.o)
 .bss           0x0000000000215730        0x0 d:/programas/intelfpga/nios2eds/bin/gnu/h-x86_64-mingw32/bin/../lib/gcc/nios2-elf/10.1.1/../../../../../H-x86_64-mingw32/nios2-elf/lib/mno-hw-mul\libc.a(lib_a-atexit.o)
 .bss           0x0000000000215730        0x0 d:/programas/intelfpga/nios2eds/bin/gnu/h-x86_64-mingw32/bin/../lib/gcc/nios2-elf/10.1.1/../../../../../H-x86_64-mingw32/nios2-elf/lib/mno-hw-mul\libc.a(lib_a-exit.o)
 .bss           0x0000000000215730        0x0 d:/programas/intelfpga/nios2eds/bin/gnu/h-x86_64-mingw32/bin/../lib/gcc/nios2-elf/10.1.1/../../../../../H-x86_64-mingw32/nios2-elf/lib/mno-hw-mul\libc.a(lib_a-impure.o)
 .bss           0x0000000000215730        0x0 d:/programas/intelfpga/nios2eds/bin/gnu/h-x86_64-mingw32/bin/../lib/gcc/nios2-elf/10.1.1/../../../../../H-x86_64-mingw32/nios2-elf/lib/mno-hw-mul\libc.a(lib_a-int_errno.o)
 .bss           0x0000000000215730        0x0 d:/programas/intelfpga/nios2eds/bin/gnu/h-x86_64-mingw32/bin/../lib/gcc/nios2-elf/10.1.1/../../../../../H-x86_64-mingw32/nios2-elf/lib/mno-hw-mul\libc.a(lib_a-memcmp.o)
 .bss           0x0000000000215730        0x0 d:/programas/intelfpga/nios2eds/bin/gnu/h-x86_64-mingw32/bin/../lib/gcc/nios2-elf/10.1.1/../../../../../H-x86_64-mingw32/nios2-elf/lib/mno-hw-mul\libc.a(lib_a-memcpy.o)
 .bss           0x0000000000215730        0x0 d:/programas/intelfpga/nios2eds/bin/gnu/h-x86_64-mingw32/bin/../lib/gcc/nios2-elf/10.1.1/../../../../../H-x86_64-mingw32/nios2-elf/lib/mno-hw-mul\libc.a(lib_a-strlen.o)
 .bss           0x0000000000215730        0x0 d:/programas/intelfpga/nios2eds/bin/gnu/h-x86_64-mingw32/bin/../lib/gcc/nios2-elf/10.1.1/../../../../../H-x86_64-mingw32/nios2-elf/lib/mno-hw-mul\libc.a(lib_a-__atexit.o)
 .bss           0x0000000000215730        0x0 d:/programas/intelfpga/nios2eds/bin/gnu/h-x86_64-mingw32/bin/../lib/gcc/nios2-elf/10.1.1/../../../../../H-x86_64-mingw32/nios2-elf/lib/mno-hw-mul\libc.a(lib_a-__call_atexit.o)
 .bss           0x0000000000215730        0x0 e:/LABIV/TesteMemoVGA/Quartus/TestePixelBuffer/software/PixelBufferTeste_bsp/\libhal_bsp.a(alt_exit.o)
 *(COMMON)
                0x0000000000215730                . = ALIGN (0x4)
                0x0000000000215730                __bss_end = ABSOLUTE (.)

.onchip_memory  0x0000000000215730        0x0
                [!provide]                        PROVIDE (_alt_partition_onchip_memory_start = ABSOLUTE (.))
 *(.onchip_memory .onchip_memory. onchip_memory.*)
                0x0000000000215730                . = ALIGN (0x4)
                [!provide]                        PROVIDE (_alt_partition_onchip_memory_end = ABSOLUTE (.))
                0x0000000000215730                _end = ABSOLUTE (.)
                0x0000000000215730                end = ABSOLUTE (.)
                0x0000000000215730                __alt_stack_base = ABSOLUTE (.)
                [!provide]                        PROVIDE (_alt_partition_onchip_memory_load_addr = LOADADDR (.onchip_memory))

.stab
 *(.stab)

.stabstr
 *(.stabstr)

.stab.excl
 *(.stab.excl)

.stab.exclstr
 *(.stab.exclstr)

.stab.index
 *(.stab.index)

.stab.indexstr
 *(.stab.indexstr)

.comment        0x0000000000000000       0x2d
 *(.comment)
 .comment       0x0000000000000000       0x2d obj/default/main.o
                                         0x2e (size before relaxing)
 .comment       0x000000000000002d       0x2e e:/LABIV/TesteMemoVGA/Quartus/TestePixelBuffer/software/PixelBufferTeste_bsp/\libhal_bsp.a(alt_load.o)
 .comment       0x000000000000002d       0x2e e:/LABIV/TesteMemoVGA/Quartus/TestePixelBuffer/software/PixelBufferTeste_bsp/\libhal_bsp.a(alt_main.o)
 .comment       0x000000000000002d       0x2e e:/LABIV/TesteMemoVGA/Quartus/TestePixelBuffer/software/PixelBufferTeste_bsp/\libhal_bsp.a(alt_sys_init.o)
 .comment       0x000000000000002d       0x2e e:/LABIV/TesteMemoVGA/Quartus/TestePixelBuffer/software/PixelBufferTeste_bsp/\libhal_bsp.a(altera_avalon_jtag_uart_fd.o)
 .comment       0x000000000000002d       0x2e e:/LABIV/TesteMemoVGA/Quartus/TestePixelBuffer/software/PixelBufferTeste_bsp/\libhal_bsp.a(altera_avalon_jtag_uart_init.o)
 .comment       0x000000000000002d       0x2e e:/LABIV/TesteMemoVGA/Quartus/TestePixelBuffer/software/PixelBufferTeste_bsp/\libhal_bsp.a(altera_avalon_jtag_uart_ioctl.o)
 .comment       0x000000000000002d       0x2e e:/LABIV/TesteMemoVGA/Quartus/TestePixelBuffer/software/PixelBufferTeste_bsp/\libhal_bsp.a(altera_avalon_jtag_uart_read.o)
 .comment       0x000000000000002d       0x2e e:/LABIV/TesteMemoVGA/Quartus/TestePixelBuffer/software/PixelBufferTeste_bsp/\libhal_bsp.a(altera_avalon_jtag_uart_write.o)
 .comment       0x000000000000002d       0x2e e:/LABIV/TesteMemoVGA/Quartus/TestePixelBuffer/software/PixelBufferTeste_bsp/\libhal_bsp.a(altera_avalon_timer_sc.o)
 .comment       0x000000000000002d       0x2e e:/LABIV/TesteMemoVGA/Quartus/TestePixelBuffer/software/PixelBufferTeste_bsp/\libhal_bsp.a(alt_alarm_start.o)
 .comment       0x000000000000002d       0x2e e:/LABIV/TesteMemoVGA/Quartus/TestePixelBuffer/software/PixelBufferTeste_bsp/\libhal_bsp.a(alt_close.o)
 .comment       0x000000000000002d       0x2e e:/LABIV/TesteMemoVGA/Quartus/TestePixelBuffer/software/PixelBufferTeste_bsp/\libhal_bsp.a(alt_dcache_flush_all.o)
 .comment       0x000000000000002d       0x2e e:/LABIV/TesteMemoVGA/Quartus/TestePixelBuffer/software/PixelBufferTeste_bsp/\libhal_bsp.a(alt_dev.o)
 .comment       0x000000000000002d       0x2e e:/LABIV/TesteMemoVGA/Quartus/TestePixelBuffer/software/PixelBufferTeste_bsp/\libhal_bsp.a(alt_dev_llist_insert.o)
 .comment       0x000000000000002d       0x2e e:/LABIV/TesteMemoVGA/Quartus/TestePixelBuffer/software/PixelBufferTeste_bsp/\libhal_bsp.a(alt_do_ctors.o)
 .comment       0x000000000000002d       0x2e e:/LABIV/TesteMemoVGA/Quartus/TestePixelBuffer/software/PixelBufferTeste_bsp/\libhal_bsp.a(alt_do_dtors.o)
 .comment       0x000000000000002d       0x2e e:/LABIV/TesteMemoVGA/Quartus/TestePixelBuffer/software/PixelBufferTeste_bsp/\libhal_bsp.a(alt_errno.o)
 .comment       0x000000000000002d       0x2e e:/LABIV/TesteMemoVGA/Quartus/TestePixelBuffer/software/PixelBufferTeste_bsp/\libhal_bsp.a(alt_icache_flush_all.o)
 .comment       0x000000000000002d       0x2e e:/LABIV/TesteMemoVGA/Quartus/TestePixelBuffer/software/PixelBufferTeste_bsp/\libhal_bsp.a(alt_iic.o)
 .comment       0x000000000000002d       0x2e e:/LABIV/TesteMemoVGA/Quartus/TestePixelBuffer/software/PixelBufferTeste_bsp/\libhal_bsp.a(alt_iic_isr_register.o)
 .comment       0x000000000000002d       0x2e e:/LABIV/TesteMemoVGA/Quartus/TestePixelBuffer/software/PixelBufferTeste_bsp/\libhal_bsp.a(alt_io_redirect.o)
 .comment       0x000000000000002d       0x2e e:/LABIV/TesteMemoVGA/Quartus/TestePixelBuffer/software/PixelBufferTeste_bsp/\libhal_bsp.a(alt_irq_handler.o)
 .comment       0x000000000000002d       0x2e e:/LABIV/TesteMemoVGA/Quartus/TestePixelBuffer/software/PixelBufferTeste_bsp/\libhal_bsp.a(alt_irq_vars.o)
 .comment       0x000000000000002d       0x2e e:/LABIV/TesteMemoVGA/Quartus/TestePixelBuffer/software/PixelBufferTeste_bsp/\libhal_bsp.a(alt_open.o)
 .comment       0x000000000000002d       0x2e e:/LABIV/TesteMemoVGA/Quartus/TestePixelBuffer/software/PixelBufferTeste_bsp/\libhal_bsp.a(alt_release_fd.o)
 .comment       0x000000000000002d       0x2e e:/LABIV/TesteMemoVGA/Quartus/TestePixelBuffer/software/PixelBufferTeste_bsp/\libhal_bsp.a(alt_tick.o)
 .comment       0x000000000000002d       0x2e e:/LABIV/TesteMemoVGA/Quartus/TestePixelBuffer/software/PixelBufferTeste_bsp/\libhal_bsp.a(altera_nios2_gen2_irq.o)
 .comment       0x000000000000002d       0x2e e:/LABIV/TesteMemoVGA/Quartus/TestePixelBuffer/software/PixelBufferTeste_bsp/\libhal_bsp.a(alt_find_dev.o)
 .comment       0x000000000000002d       0x2e e:/LABIV/TesteMemoVGA/Quartus/TestePixelBuffer/software/PixelBufferTeste_bsp/\libhal_bsp.a(alt_find_file.o)
 .comment       0x000000000000002d       0x2e e:/LABIV/TesteMemoVGA/Quartus/TestePixelBuffer/software/PixelBufferTeste_bsp/\libhal_bsp.a(alt_get_fd.o)
 .comment       0x000000000000002d       0x2e e:/LABIV/TesteMemoVGA/Quartus/TestePixelBuffer/software/PixelBufferTeste_bsp/\libhal_bsp.a(alt_instruction_exception_entry.o)
 .comment       0x000000000000002d       0x2e d:/programas/intelfpga/nios2eds/bin/gnu/h-x86_64-mingw32/bin/../lib/gcc/nios2-elf/10.1.1/../../../../../H-x86_64-mingw32/nios2-elf/lib/mno-hw-mul\libc.a(lib_a-atexit.o)
 .comment       0x000000000000002d       0x2e d:/programas/intelfpga/nios2eds/bin/gnu/h-x86_64-mingw32/bin/../lib/gcc/nios2-elf/10.1.1/../../../../../H-x86_64-mingw32/nios2-elf/lib/mno-hw-mul\libc.a(lib_a-exit.o)
 .comment       0x000000000000002d       0x2e d:/programas/intelfpga/nios2eds/bin/gnu/h-x86_64-mingw32/bin/../lib/gcc/nios2-elf/10.1.1/../../../../../H-x86_64-mingw32/nios2-elf/lib/mno-hw-mul\libc.a(lib_a-impure.o)
 .comment       0x000000000000002d       0x2e d:/programas/intelfpga/nios2eds/bin/gnu/h-x86_64-mingw32/bin/../lib/gcc/nios2-elf/10.1.1/../../../../../H-x86_64-mingw32/nios2-elf/lib/mno-hw-mul\libc.a(lib_a-int_errno.o)
 .comment       0x000000000000002d       0x2e d:/programas/intelfpga/nios2eds/bin/gnu/h-x86_64-mingw32/bin/../lib/gcc/nios2-elf/10.1.1/../../../../../H-x86_64-mingw32/nios2-elf/lib/mno-hw-mul\libc.a(lib_a-memcmp.o)
 .comment       0x000000000000002d       0x2e d:/programas/intelfpga/nios2eds/bin/gnu/h-x86_64-mingw32/bin/../lib/gcc/nios2-elf/10.1.1/../../../../../H-x86_64-mingw32/nios2-elf/lib/mno-hw-mul\libc.a(lib_a-memcpy.o)
 .comment       0x000000000000002d       0x2e d:/programas/intelfpga/nios2eds/bin/gnu/h-x86_64-mingw32/bin/../lib/gcc/nios2-elf/10.1.1/../../../../../H-x86_64-mingw32/nios2-elf/lib/mno-hw-mul\libc.a(lib_a-strlen.o)
 .comment       0x000000000000002d       0x2e d:/programas/intelfpga/nios2eds/bin/gnu/h-x86_64-mingw32/bin/../lib/gcc/nios2-elf/10.1.1/../../../../../H-x86_64-mingw32/nios2-elf/lib/mno-hw-mul\libc.a(lib_a-__atexit.o)
 .comment       0x000000000000002d       0x2e d:/programas/intelfpga/nios2eds/bin/gnu/h-x86_64-mingw32/bin/../lib/gcc/nios2-elf/10.1.1/../../../../../H-x86_64-mingw32/nios2-elf/lib/mno-hw-mul\libc.a(lib_a-__call_atexit.o)
 .comment       0x000000000000002d       0x2e e:/LABIV/TesteMemoVGA/Quartus/TestePixelBuffer/software/PixelBufferTeste_bsp/\libhal_bsp.a(alt_exit.o)

.debug
 *(.debug)

.line
 *(.line)

.debug_srcinfo
 *(.debug_srcinfo)

.debug_sfnames
 *(.debug_sfnames)

.debug_aranges  0x0000000000000000      0x5b8
 *(.debug_aranges)
 .debug_aranges
                0x0000000000000000       0x28 e:/LABIV/TesteMemoVGA/Quartus/TestePixelBuffer/software/PixelBufferTeste_bsp//obj/HAL/src/crt0.o
 .debug_aranges
                0x0000000000000028       0x20 obj/default/main.o
 .debug_aranges
                0x0000000000000048       0x20 e:/LABIV/TesteMemoVGA/Quartus/TestePixelBuffer/software/PixelBufferTeste_bsp/\libhal_bsp.a(alt_load.o)
 .debug_aranges
                0x0000000000000068       0x20 e:/LABIV/TesteMemoVGA/Quartus/TestePixelBuffer/software/PixelBufferTeste_bsp/\libhal_bsp.a(alt_main.o)
 .debug_aranges
                0x0000000000000088       0x20 e:/LABIV/TesteMemoVGA/Quartus/TestePixelBuffer/software/PixelBufferTeste_bsp/\libhal_bsp.a(alt_sys_init.o)
 .debug_aranges
                0x00000000000000a8       0x20 e:/LABIV/TesteMemoVGA/Quartus/TestePixelBuffer/software/PixelBufferTeste_bsp/\libhal_bsp.a(altera_avalon_jtag_uart_fd.o)
 .debug_aranges
                0x00000000000000c8       0x20 e:/LABIV/TesteMemoVGA/Quartus/TestePixelBuffer/software/PixelBufferTeste_bsp/\libhal_bsp.a(altera_avalon_jtag_uart_init.o)
 .debug_aranges
                0x00000000000000e8       0x20 e:/LABIV/TesteMemoVGA/Quartus/TestePixelBuffer/software/PixelBufferTeste_bsp/\libhal_bsp.a(altera_avalon_jtag_uart_ioctl.o)
 .debug_aranges
                0x0000000000000108       0x20 e:/LABIV/TesteMemoVGA/Quartus/TestePixelBuffer/software/PixelBufferTeste_bsp/\libhal_bsp.a(altera_avalon_jtag_uart_read.o)
 .debug_aranges
                0x0000000000000128       0x20 e:/LABIV/TesteMemoVGA/Quartus/TestePixelBuffer/software/PixelBufferTeste_bsp/\libhal_bsp.a(altera_avalon_jtag_uart_write.o)
 .debug_aranges
                0x0000000000000148       0x20 e:/LABIV/TesteMemoVGA/Quartus/TestePixelBuffer/software/PixelBufferTeste_bsp/\libhal_bsp.a(altera_avalon_timer_sc.o)
 .debug_aranges
                0x0000000000000168       0x20 e:/LABIV/TesteMemoVGA/Quartus/TestePixelBuffer/software/PixelBufferTeste_bsp/\libhal_bsp.a(alt_alarm_start.o)
 .debug_aranges
                0x0000000000000188       0x20 e:/LABIV/TesteMemoVGA/Quartus/TestePixelBuffer/software/PixelBufferTeste_bsp/\libhal_bsp.a(alt_close.o)
 .debug_aranges
                0x00000000000001a8       0x20 e:/LABIV/TesteMemoVGA/Quartus/TestePixelBuffer/software/PixelBufferTeste_bsp/\libhal_bsp.a(alt_dcache_flush_all.o)
 .debug_aranges
                0x00000000000001c8       0x20 e:/LABIV/TesteMemoVGA/Quartus/TestePixelBuffer/software/PixelBufferTeste_bsp/\libhal_bsp.a(alt_dev.o)
 .debug_aranges
                0x00000000000001e8       0x20 e:/LABIV/TesteMemoVGA/Quartus/TestePixelBuffer/software/PixelBufferTeste_bsp/\libhal_bsp.a(alt_dev_llist_insert.o)
 .debug_aranges
                0x0000000000000208       0x20 e:/LABIV/TesteMemoVGA/Quartus/TestePixelBuffer/software/PixelBufferTeste_bsp/\libhal_bsp.a(alt_do_ctors.o)
 .debug_aranges
                0x0000000000000228       0x20 e:/LABIV/TesteMemoVGA/Quartus/TestePixelBuffer/software/PixelBufferTeste_bsp/\libhal_bsp.a(alt_do_dtors.o)
 .debug_aranges
                0x0000000000000248       0x18 e:/LABIV/TesteMemoVGA/Quartus/TestePixelBuffer/software/PixelBufferTeste_bsp/\libhal_bsp.a(alt_errno.o)
 .debug_aranges
                0x0000000000000260       0x20 e:/LABIV/TesteMemoVGA/Quartus/TestePixelBuffer/software/PixelBufferTeste_bsp/\libhal_bsp.a(alt_icache_flush_all.o)
 .debug_aranges
                0x0000000000000280       0x20 e:/LABIV/TesteMemoVGA/Quartus/TestePixelBuffer/software/PixelBufferTeste_bsp/\libhal_bsp.a(alt_iic.o)
 .debug_aranges
                0x00000000000002a0       0x20 e:/LABIV/TesteMemoVGA/Quartus/TestePixelBuffer/software/PixelBufferTeste_bsp/\libhal_bsp.a(alt_iic_isr_register.o)
 .debug_aranges
                0x00000000000002c0       0x20 e:/LABIV/TesteMemoVGA/Quartus/TestePixelBuffer/software/PixelBufferTeste_bsp/\libhal_bsp.a(alt_io_redirect.o)
 .debug_aranges
                0x00000000000002e0       0x30 e:/LABIV/TesteMemoVGA/Quartus/TestePixelBuffer/software/PixelBufferTeste_bsp/\libhal_bsp.a(alt_irq_entry.o)
 .debug_aranges
                0x0000000000000310       0x20 e:/LABIV/TesteMemoVGA/Quartus/TestePixelBuffer/software/PixelBufferTeste_bsp/\libhal_bsp.a(alt_irq_handler.o)
 .debug_aranges
                0x0000000000000330       0x18 e:/LABIV/TesteMemoVGA/Quartus/TestePixelBuffer/software/PixelBufferTeste_bsp/\libhal_bsp.a(alt_irq_vars.o)
 .debug_aranges
                0x0000000000000348       0x20 e:/LABIV/TesteMemoVGA/Quartus/TestePixelBuffer/software/PixelBufferTeste_bsp/\libhal_bsp.a(alt_open.o)
 .debug_aranges
                0x0000000000000368       0x20 e:/LABIV/TesteMemoVGA/Quartus/TestePixelBuffer/software/PixelBufferTeste_bsp/\libhal_bsp.a(alt_release_fd.o)
 .debug_aranges
                0x0000000000000388       0x20 e:/LABIV/TesteMemoVGA/Quartus/TestePixelBuffer/software/PixelBufferTeste_bsp/\libhal_bsp.a(alt_tick.o)
 .debug_aranges
                0x00000000000003a8       0x20 e:/LABIV/TesteMemoVGA/Quartus/TestePixelBuffer/software/PixelBufferTeste_bsp/\libhal_bsp.a(altera_nios2_gen2_irq.o)
 .debug_aranges
                0x00000000000003c8       0x38 e:/LABIV/TesteMemoVGA/Quartus/TestePixelBuffer/software/PixelBufferTeste_bsp/\libhal_bsp.a(alt_exception_entry.o)
 .debug_aranges
                0x0000000000000400       0x20 e:/LABIV/TesteMemoVGA/Quartus/TestePixelBuffer/software/PixelBufferTeste_bsp/\libhal_bsp.a(alt_find_dev.o)
 .debug_aranges
                0x0000000000000420       0x20 e:/LABIV/TesteMemoVGA/Quartus/TestePixelBuffer/software/PixelBufferTeste_bsp/\libhal_bsp.a(alt_find_file.o)
 .debug_aranges
                0x0000000000000440       0x20 e:/LABIV/TesteMemoVGA/Quartus/TestePixelBuffer/software/PixelBufferTeste_bsp/\libhal_bsp.a(alt_get_fd.o)
 .debug_aranges
                0x0000000000000460       0x28 e:/LABIV/TesteMemoVGA/Quartus/TestePixelBuffer/software/PixelBufferTeste_bsp/\libhal_bsp.a(alt_instruction_exception_entry.o)
 .debug_aranges
                0x0000000000000488       0x20 d:/programas/intelfpga/nios2eds/bin/gnu/h-x86_64-mingw32/bin/../lib/gcc/nios2-elf/10.1.1/../../../../../H-x86_64-mingw32/nios2-elf/lib/mno-hw-mul\libc.a(lib_a-atexit.o)
 .debug_aranges
                0x00000000000004a8       0x20 d:/programas/intelfpga/nios2eds/bin/gnu/h-x86_64-mingw32/bin/../lib/gcc/nios2-elf/10.1.1/../../../../../H-x86_64-mingw32/nios2-elf/lib/mno-hw-mul\libc.a(lib_a-exit.o)
 .debug_aranges
                0x00000000000004c8       0x18 d:/programas/intelfpga/nios2eds/bin/gnu/h-x86_64-mingw32/bin/../lib/gcc/nios2-elf/10.1.1/../../../../../H-x86_64-mingw32/nios2-elf/lib/mno-hw-mul\libc.a(lib_a-impure.o)
 .debug_aranges
                0x00000000000004e0       0x18 d:/programas/intelfpga/nios2eds/bin/gnu/h-x86_64-mingw32/bin/../lib/gcc/nios2-elf/10.1.1/../../../../../H-x86_64-mingw32/nios2-elf/lib/mno-hw-mul\libc.a(lib_a-int_errno.o)
 .debug_aranges
                0x00000000000004f8       0x20 d:/programas/intelfpga/nios2eds/bin/gnu/h-x86_64-mingw32/bin/../lib/gcc/nios2-elf/10.1.1/../../../../../H-x86_64-mingw32/nios2-elf/lib/mno-hw-mul\libc.a(lib_a-memcmp.o)
 .debug_aranges
                0x0000000000000518       0x20 d:/programas/intelfpga/nios2eds/bin/gnu/h-x86_64-mingw32/bin/../lib/gcc/nios2-elf/10.1.1/../../../../../H-x86_64-mingw32/nios2-elf/lib/mno-hw-mul\libc.a(lib_a-memcpy.o)
 .debug_aranges
                0x0000000000000538       0x20 d:/programas/intelfpga/nios2eds/bin/gnu/h-x86_64-mingw32/bin/../lib/gcc/nios2-elf/10.1.1/../../../../../H-x86_64-mingw32/nios2-elf/lib/mno-hw-mul\libc.a(lib_a-strlen.o)
 .debug_aranges
                0x0000000000000558       0x20 d:/programas/intelfpga/nios2eds/bin/gnu/h-x86_64-mingw32/bin/../lib/gcc/nios2-elf/10.1.1/../../../../../H-x86_64-mingw32/nios2-elf/lib/mno-hw-mul\libc.a(lib_a-__atexit.o)
 .debug_aranges
                0x0000000000000578       0x20 d:/programas/intelfpga/nios2eds/bin/gnu/h-x86_64-mingw32/bin/../lib/gcc/nios2-elf/10.1.1/../../../../../H-x86_64-mingw32/nios2-elf/lib/mno-hw-mul\libc.a(lib_a-__call_atexit.o)
 .debug_aranges
                0x0000000000000598       0x20 e:/LABIV/TesteMemoVGA/Quartus/TestePixelBuffer/software/PixelBufferTeste_bsp/\libhal_bsp.a(alt_exit.o)

.debug_pubnames
 *(.debug_pubnames)

.debug_info     0x0000000000000000     0x7ab4
 *(.debug_info .gnu.linkonce.wi.*)
 .debug_info    0x0000000000000000       0x22 e:/LABIV/TesteMemoVGA/Quartus/TestePixelBuffer/software/PixelBufferTeste_bsp//obj/HAL/src/crt0.o
 .debug_info    0x0000000000000022       0x90 obj/default/main.o
 .debug_info    0x00000000000000b2      0x14d e:/LABIV/TesteMemoVGA/Quartus/TestePixelBuffer/software/PixelBufferTeste_bsp/\libhal_bsp.a(alt_load.o)
 .debug_info    0x00000000000001ff       0xef e:/LABIV/TesteMemoVGA/Quartus/TestePixelBuffer/software/PixelBufferTeste_bsp/\libhal_bsp.a(alt_main.o)
 .debug_info    0x00000000000002ee      0x66c e:/LABIV/TesteMemoVGA/Quartus/TestePixelBuffer/software/PixelBufferTeste_bsp/\libhal_bsp.a(alt_sys_init.o)
 .debug_info    0x000000000000095a      0x53d e:/LABIV/TesteMemoVGA/Quartus/TestePixelBuffer/software/PixelBufferTeste_bsp/\libhal_bsp.a(altera_avalon_jtag_uart_fd.o)
 .debug_info    0x0000000000000e97      0x3d0 e:/LABIV/TesteMemoVGA/Quartus/TestePixelBuffer/software/PixelBufferTeste_bsp/\libhal_bsp.a(altera_avalon_jtag_uart_init.o)
 .debug_info    0x0000000000001267      0x273 e:/LABIV/TesteMemoVGA/Quartus/TestePixelBuffer/software/PixelBufferTeste_bsp/\libhal_bsp.a(altera_avalon_jtag_uart_ioctl.o)
 .debug_info    0x00000000000014da      0x336 e:/LABIV/TesteMemoVGA/Quartus/TestePixelBuffer/software/PixelBufferTeste_bsp/\libhal_bsp.a(altera_avalon_jtag_uart_read.o)
 .debug_info    0x0000000000001810      0x331 e:/LABIV/TesteMemoVGA/Quartus/TestePixelBuffer/software/PixelBufferTeste_bsp/\libhal_bsp.a(altera_avalon_jtag_uart_write.o)
 .debug_info    0x0000000000001b41      0x1d5 e:/LABIV/TesteMemoVGA/Quartus/TestePixelBuffer/software/PixelBufferTeste_bsp/\libhal_bsp.a(altera_avalon_timer_sc.o)
 .debug_info    0x0000000000001d16      0x2dd e:/LABIV/TesteMemoVGA/Quartus/TestePixelBuffer/software/PixelBufferTeste_bsp/\libhal_bsp.a(alt_alarm_start.o)
 .debug_info    0x0000000000001ff3      0x32c e:/LABIV/TesteMemoVGA/Quartus/TestePixelBuffer/software/PixelBufferTeste_bsp/\libhal_bsp.a(alt_close.o)
 .debug_info    0x000000000000231f       0x8c e:/LABIV/TesteMemoVGA/Quartus/TestePixelBuffer/software/PixelBufferTeste_bsp/\libhal_bsp.a(alt_dcache_flush_all.o)
 .debug_info    0x00000000000023ab      0x57d e:/LABIV/TesteMemoVGA/Quartus/TestePixelBuffer/software/PixelBufferTeste_bsp/\libhal_bsp.a(alt_dev.o)
 .debug_info    0x0000000000002928      0x1b0 e:/LABIV/TesteMemoVGA/Quartus/TestePixelBuffer/software/PixelBufferTeste_bsp/\libhal_bsp.a(alt_dev_llist_insert.o)
 .debug_info    0x0000000000002ad8       0x88 e:/LABIV/TesteMemoVGA/Quartus/TestePixelBuffer/software/PixelBufferTeste_bsp/\libhal_bsp.a(alt_do_ctors.o)
 .debug_info    0x0000000000002b60       0x88 e:/LABIV/TesteMemoVGA/Quartus/TestePixelBuffer/software/PixelBufferTeste_bsp/\libhal_bsp.a(alt_do_dtors.o)
 .debug_info    0x0000000000002be8       0x9d e:/LABIV/TesteMemoVGA/Quartus/TestePixelBuffer/software/PixelBufferTeste_bsp/\libhal_bsp.a(alt_errno.o)
 .debug_info    0x0000000000002c85       0x8c e:/LABIV/TesteMemoVGA/Quartus/TestePixelBuffer/software/PixelBufferTeste_bsp/\libhal_bsp.a(alt_icache_flush_all.o)
 .debug_info    0x0000000000002d11      0x32c e:/LABIV/TesteMemoVGA/Quartus/TestePixelBuffer/software/PixelBufferTeste_bsp/\libhal_bsp.a(alt_iic.o)
 .debug_info    0x000000000000303d      0x1f0 e:/LABIV/TesteMemoVGA/Quartus/TestePixelBuffer/software/PixelBufferTeste_bsp/\libhal_bsp.a(alt_iic_isr_register.o)
 .debug_info    0x000000000000322d      0x546 e:/LABIV/TesteMemoVGA/Quartus/TestePixelBuffer/software/PixelBufferTeste_bsp/\libhal_bsp.a(alt_io_redirect.o)
 .debug_info    0x0000000000003773       0x22 e:/LABIV/TesteMemoVGA/Quartus/TestePixelBuffer/software/PixelBufferTeste_bsp/\libhal_bsp.a(alt_irq_entry.o)
 .debug_info    0x0000000000003795      0x175 e:/LABIV/TesteMemoVGA/Quartus/TestePixelBuffer/software/PixelBufferTeste_bsp/\libhal_bsp.a(alt_irq_handler.o)
 .debug_info    0x000000000000390a       0x8b e:/LABIV/TesteMemoVGA/Quartus/TestePixelBuffer/software/PixelBufferTeste_bsp/\libhal_bsp.a(alt_irq_vars.o)
 .debug_info    0x0000000000003995      0x3dd e:/LABIV/TesteMemoVGA/Quartus/TestePixelBuffer/software/PixelBufferTeste_bsp/\libhal_bsp.a(alt_open.o)
 .debug_info    0x0000000000003d72      0x2b9 e:/LABIV/TesteMemoVGA/Quartus/TestePixelBuffer/software/PixelBufferTeste_bsp/\libhal_bsp.a(alt_release_fd.o)
 .debug_info    0x000000000000402b      0x2bd e:/LABIV/TesteMemoVGA/Quartus/TestePixelBuffer/software/PixelBufferTeste_bsp/\libhal_bsp.a(alt_tick.o)
 .debug_info    0x00000000000042e8       0x8c e:/LABIV/TesteMemoVGA/Quartus/TestePixelBuffer/software/PixelBufferTeste_bsp/\libhal_bsp.a(altera_nios2_gen2_irq.o)
 .debug_info    0x0000000000004374       0x22 e:/LABIV/TesteMemoVGA/Quartus/TestePixelBuffer/software/PixelBufferTeste_bsp/\libhal_bsp.a(alt_exception_entry.o)
 .debug_info    0x0000000000004396      0x2ee e:/LABIV/TesteMemoVGA/Quartus/TestePixelBuffer/software/PixelBufferTeste_bsp/\libhal_bsp.a(alt_find_dev.o)
 .debug_info    0x0000000000004684      0x2eb e:/LABIV/TesteMemoVGA/Quartus/TestePixelBuffer/software/PixelBufferTeste_bsp/\libhal_bsp.a(alt_find_file.o)
 .debug_info    0x000000000000496f      0x31c e:/LABIV/TesteMemoVGA/Quartus/TestePixelBuffer/software/PixelBufferTeste_bsp/\libhal_bsp.a(alt_get_fd.o)
 .debug_info    0x0000000000004c8b      0x1f1 e:/LABIV/TesteMemoVGA/Quartus/TestePixelBuffer/software/PixelBufferTeste_bsp/\libhal_bsp.a(alt_instruction_exception_entry.o)
 .debug_info    0x0000000000004e7c      0x100 d:/programas/intelfpga/nios2eds/bin/gnu/h-x86_64-mingw32/bin/../lib/gcc/nios2-elf/10.1.1/../../../../../H-x86_64-mingw32/nios2-elf/lib/mno-hw-mul\libc.a(lib_a-atexit.o)
 .debug_info    0x0000000000004f7c      0x970 d:/programas/intelfpga/nios2eds/bin/gnu/h-x86_64-mingw32/bin/../lib/gcc/nios2-elf/10.1.1/../../../../../H-x86_64-mingw32/nios2-elf/lib/mno-hw-mul\libc.a(lib_a-exit.o)
 .debug_info    0x00000000000058ec      0x931 d:/programas/intelfpga/nios2eds/bin/gnu/h-x86_64-mingw32/bin/../lib/gcc/nios2-elf/10.1.1/../../../../../H-x86_64-mingw32/nios2-elf/lib/mno-hw-mul\libc.a(lib_a-impure.o)
 .debug_info    0x000000000000621d       0x84 d:/programas/intelfpga/nios2eds/bin/gnu/h-x86_64-mingw32/bin/../lib/gcc/nios2-elf/10.1.1/../../../../../H-x86_64-mingw32/nios2-elf/lib/mno-hw-mul\libc.a(lib_a-int_errno.o)
 .debug_info    0x00000000000062a1      0x138 d:/programas/intelfpga/nios2eds/bin/gnu/h-x86_64-mingw32/bin/../lib/gcc/nios2-elf/10.1.1/../../../../../H-x86_64-mingw32/nios2-elf/lib/mno-hw-mul\libc.a(lib_a-memcmp.o)
 .debug_info    0x00000000000063d9      0x162 d:/programas/intelfpga/nios2eds/bin/gnu/h-x86_64-mingw32/bin/../lib/gcc/nios2-elf/10.1.1/../../../../../H-x86_64-mingw32/nios2-elf/lib/mno-hw-mul\libc.a(lib_a-memcpy.o)
 .debug_info    0x000000000000653b       0xee d:/programas/intelfpga/nios2eds/bin/gnu/h-x86_64-mingw32/bin/../lib/gcc/nios2-elf/10.1.1/../../../../../H-x86_64-mingw32/nios2-elf/lib/mno-hw-mul\libc.a(lib_a-strlen.o)
 .debug_info    0x0000000000006629      0x9b1 d:/programas/intelfpga/nios2eds/bin/gnu/h-x86_64-mingw32/bin/../lib/gcc/nios2-elf/10.1.1/../../../../../H-x86_64-mingw32/nios2-elf/lib/mno-hw-mul\libc.a(lib_a-__atexit.o)
 .debug_info    0x0000000000006fda      0x9f9 d:/programas/intelfpga/nios2eds/bin/gnu/h-x86_64-mingw32/bin/../lib/gcc/nios2-elf/10.1.1/../../../../../H-x86_64-mingw32/nios2-elf/lib/mno-hw-mul\libc.a(lib_a-__call_atexit.o)
 .debug_info    0x00000000000079d3       0xe1 e:/LABIV/TesteMemoVGA/Quartus/TestePixelBuffer/software/PixelBufferTeste_bsp/\libhal_bsp.a(alt_exit.o)

.debug_abbrev   0x0000000000000000     0x2c79
 *(.debug_abbrev)
 .debug_abbrev  0x0000000000000000       0x12 e:/LABIV/TesteMemoVGA/Quartus/TestePixelBuffer/software/PixelBufferTeste_bsp//obj/HAL/src/crt0.o
 .debug_abbrev  0x0000000000000012       0x44 obj/default/main.o
 .debug_abbrev  0x0000000000000056       0xab e:/LABIV/TesteMemoVGA/Quartus/TestePixelBuffer/software/PixelBufferTeste_bsp/\libhal_bsp.a(alt_load.o)
 .debug_abbrev  0x0000000000000101       0x86 e:/LABIV/TesteMemoVGA/Quartus/TestePixelBuffer/software/PixelBufferTeste_bsp/\libhal_bsp.a(alt_main.o)
 .debug_abbrev  0x0000000000000187      0x196 e:/LABIV/TesteMemoVGA/Quartus/TestePixelBuffer/software/PixelBufferTeste_bsp/\libhal_bsp.a(alt_sys_init.o)
 .debug_abbrev  0x000000000000031d      0x146 e:/LABIV/TesteMemoVGA/Quartus/TestePixelBuffer/software/PixelBufferTeste_bsp/\libhal_bsp.a(altera_avalon_jtag_uart_fd.o)
 .debug_abbrev  0x0000000000000463      0x1be e:/LABIV/TesteMemoVGA/Quartus/TestePixelBuffer/software/PixelBufferTeste_bsp/\libhal_bsp.a(altera_avalon_jtag_uart_init.o)
 .debug_abbrev  0x0000000000000621      0x112 e:/LABIV/TesteMemoVGA/Quartus/TestePixelBuffer/software/PixelBufferTeste_bsp/\libhal_bsp.a(altera_avalon_jtag_uart_ioctl.o)
 .debug_abbrev  0x0000000000000733      0x1b0 e:/LABIV/TesteMemoVGA/Quartus/TestePixelBuffer/software/PixelBufferTeste_bsp/\libhal_bsp.a(altera_avalon_jtag_uart_read.o)
 .debug_abbrev  0x00000000000008e3      0x1ae e:/LABIV/TesteMemoVGA/Quartus/TestePixelBuffer/software/PixelBufferTeste_bsp/\libhal_bsp.a(altera_avalon_jtag_uart_write.o)
 .debug_abbrev  0x0000000000000a91      0x14b e:/LABIV/TesteMemoVGA/Quartus/TestePixelBuffer/software/PixelBufferTeste_bsp/\libhal_bsp.a(altera_avalon_timer_sc.o)
 .debug_abbrev  0x0000000000000bdc      0x188 e:/LABIV/TesteMemoVGA/Quartus/TestePixelBuffer/software/PixelBufferTeste_bsp/\libhal_bsp.a(alt_alarm_start.o)
 .debug_abbrev  0x0000000000000d64      0x133 e:/LABIV/TesteMemoVGA/Quartus/TestePixelBuffer/software/PixelBufferTeste_bsp/\libhal_bsp.a(alt_close.o)
 .debug_abbrev  0x0000000000000e97       0x44 e:/LABIV/TesteMemoVGA/Quartus/TestePixelBuffer/software/PixelBufferTeste_bsp/\libhal_bsp.a(alt_dcache_flush_all.o)
 .debug_abbrev  0x0000000000000edb      0x117 e:/LABIV/TesteMemoVGA/Quartus/TestePixelBuffer/software/PixelBufferTeste_bsp/\libhal_bsp.a(alt_dev.o)
 .debug_abbrev  0x0000000000000ff2      0x12a e:/LABIV/TesteMemoVGA/Quartus/TestePixelBuffer/software/PixelBufferTeste_bsp/\libhal_bsp.a(alt_dev_llist_insert.o)
 .debug_abbrev  0x000000000000111c       0x81 e:/LABIV/TesteMemoVGA/Quartus/TestePixelBuffer/software/PixelBufferTeste_bsp/\libhal_bsp.a(alt_do_ctors.o)
 .debug_abbrev  0x000000000000119d       0x81 e:/LABIV/TesteMemoVGA/Quartus/TestePixelBuffer/software/PixelBufferTeste_bsp/\libhal_bsp.a(alt_do_dtors.o)
 .debug_abbrev  0x000000000000121e       0x5a e:/LABIV/TesteMemoVGA/Quartus/TestePixelBuffer/software/PixelBufferTeste_bsp/\libhal_bsp.a(alt_errno.o)
 .debug_abbrev  0x0000000000001278       0x44 e:/LABIV/TesteMemoVGA/Quartus/TestePixelBuffer/software/PixelBufferTeste_bsp/\libhal_bsp.a(alt_icache_flush_all.o)
 .debug_abbrev  0x00000000000012bc      0x189 e:/LABIV/TesteMemoVGA/Quartus/TestePixelBuffer/software/PixelBufferTeste_bsp/\libhal_bsp.a(alt_iic.o)
 .debug_abbrev  0x0000000000001445      0x17c e:/LABIV/TesteMemoVGA/Quartus/TestePixelBuffer/software/PixelBufferTeste_bsp/\libhal_bsp.a(alt_iic_isr_register.o)
 .debug_abbrev  0x00000000000015c1      0x126 e:/LABIV/TesteMemoVGA/Quartus/TestePixelBuffer/software/PixelBufferTeste_bsp/\libhal_bsp.a(alt_io_redirect.o)
 .debug_abbrev  0x00000000000016e7       0x12 e:/LABIV/TesteMemoVGA/Quartus/TestePixelBuffer/software/PixelBufferTeste_bsp/\libhal_bsp.a(alt_irq_entry.o)
 .debug_abbrev  0x00000000000016f9      0x12d e:/LABIV/TesteMemoVGA/Quartus/TestePixelBuffer/software/PixelBufferTeste_bsp/\libhal_bsp.a(alt_irq_handler.o)
 .debug_abbrev  0x0000000000001826       0x44 e:/LABIV/TesteMemoVGA/Quartus/TestePixelBuffer/software/PixelBufferTeste_bsp/\libhal_bsp.a(alt_irq_vars.o)
 .debug_abbrev  0x000000000000186a      0x160 e:/LABIV/TesteMemoVGA/Quartus/TestePixelBuffer/software/PixelBufferTeste_bsp/\libhal_bsp.a(alt_open.o)
 .debug_abbrev  0x00000000000019ca       0xea e:/LABIV/TesteMemoVGA/Quartus/TestePixelBuffer/software/PixelBufferTeste_bsp/\libhal_bsp.a(alt_release_fd.o)
 .debug_abbrev  0x0000000000001ab4      0x17a e:/LABIV/TesteMemoVGA/Quartus/TestePixelBuffer/software/PixelBufferTeste_bsp/\libhal_bsp.a(alt_tick.o)
 .debug_abbrev  0x0000000000001c2e       0x44 e:/LABIV/TesteMemoVGA/Quartus/TestePixelBuffer/software/PixelBufferTeste_bsp/\libhal_bsp.a(altera_nios2_gen2_irq.o)
 .debug_abbrev  0x0000000000001c72       0x12 e:/LABIV/TesteMemoVGA/Quartus/TestePixelBuffer/software/PixelBufferTeste_bsp/\libhal_bsp.a(alt_exception_entry.o)
 .debug_abbrev  0x0000000000001c84       0xed e:/LABIV/TesteMemoVGA/Quartus/TestePixelBuffer/software/PixelBufferTeste_bsp/\libhal_bsp.a(alt_find_dev.o)
 .debug_abbrev  0x0000000000001d71      0x100 e:/LABIV/TesteMemoVGA/Quartus/TestePixelBuffer/software/PixelBufferTeste_bsp/\libhal_bsp.a(alt_find_file.o)
 .debug_abbrev  0x0000000000001e71      0x121 e:/LABIV/TesteMemoVGA/Quartus/TestePixelBuffer/software/PixelBufferTeste_bsp/\libhal_bsp.a(alt_get_fd.o)
 .debug_abbrev  0x0000000000001f92       0xea e:/LABIV/TesteMemoVGA/Quartus/TestePixelBuffer/software/PixelBufferTeste_bsp/\libhal_bsp.a(alt_instruction_exception_entry.o)
 .debug_abbrev  0x000000000000207c       0xb7 d:/programas/intelfpga/nios2eds/bin/gnu/h-x86_64-mingw32/bin/../lib/gcc/nios2-elf/10.1.1/../../../../../H-x86_64-mingw32/nios2-elf/lib/mno-hw-mul\libc.a(lib_a-atexit.o)
 .debug_abbrev  0x0000000000002133      0x21d d:/programas/intelfpga/nios2eds/bin/gnu/h-x86_64-mingw32/bin/../lib/gcc/nios2-elf/10.1.1/../../../../../H-x86_64-mingw32/nios2-elf/lib/mno-hw-mul\libc.a(lib_a-exit.o)
 .debug_abbrev  0x0000000000002350      0x1c9 d:/programas/intelfpga/nios2eds/bin/gnu/h-x86_64-mingw32/bin/../lib/gcc/nios2-elf/10.1.1/../../../../../H-x86_64-mingw32/nios2-elf/lib/mno-hw-mul\libc.a(lib_a-impure.o)
 .debug_abbrev  0x0000000000002519       0x39 d:/programas/intelfpga/nios2eds/bin/gnu/h-x86_64-mingw32/bin/../lib/gcc/nios2-elf/10.1.1/../../../../../H-x86_64-mingw32/nios2-elf/lib/mno-hw-mul\libc.a(lib_a-int_errno.o)
 .debug_abbrev  0x0000000000002552       0x8d d:/programas/intelfpga/nios2eds/bin/gnu/h-x86_64-mingw32/bin/../lib/gcc/nios2-elf/10.1.1/../../../../../H-x86_64-mingw32/nios2-elf/lib/mno-hw-mul\libc.a(lib_a-memcmp.o)
 .debug_abbrev  0x00000000000025df       0xb6 d:/programas/intelfpga/nios2eds/bin/gnu/h-x86_64-mingw32/bin/../lib/gcc/nios2-elf/10.1.1/../../../../../H-x86_64-mingw32/nios2-elf/lib/mno-hw-mul\libc.a(lib_a-memcpy.o)
 .debug_abbrev  0x0000000000002695       0x8f d:/programas/intelfpga/nios2eds/bin/gnu/h-x86_64-mingw32/bin/../lib/gcc/nios2-elf/10.1.1/../../../../../H-x86_64-mingw32/nios2-elf/lib/mno-hw-mul\libc.a(lib_a-strlen.o)
 .debug_abbrev  0x0000000000002724      0x250 d:/programas/intelfpga/nios2eds/bin/gnu/h-x86_64-mingw32/bin/../lib/gcc/nios2-elf/10.1.1/../../../../../H-x86_64-mingw32/nios2-elf/lib/mno-hw-mul\libc.a(lib_a-__atexit.o)
 .debug_abbrev  0x0000000000002974      0x259 d:/programas/intelfpga/nios2eds/bin/gnu/h-x86_64-mingw32/bin/../lib/gcc/nios2-elf/10.1.1/../../../../../H-x86_64-mingw32/nios2-elf/lib/mno-hw-mul\libc.a(lib_a-__call_atexit.o)
 .debug_abbrev  0x0000000000002bcd       0xac e:/LABIV/TesteMemoVGA/Quartus/TestePixelBuffer/software/PixelBufferTeste_bsp/\libhal_bsp.a(alt_exit.o)

.debug_line     0x0000000000000000     0x3278
 *(.debug_line)
 .debug_line    0x0000000000000000       0x66 e:/LABIV/TesteMemoVGA/Quartus/TestePixelBuffer/software/PixelBufferTeste_bsp//obj/HAL/src/crt0.o
 .debug_line    0x0000000000000066       0x3e obj/default/main.o
 .debug_line    0x00000000000000a4       0xa6 e:/LABIV/TesteMemoVGA/Quartus/TestePixelBuffer/software/PixelBufferTeste_bsp/\libhal_bsp.a(alt_load.o)
 .debug_line    0x000000000000014a       0x85 e:/LABIV/TesteMemoVGA/Quartus/TestePixelBuffer/software/PixelBufferTeste_bsp/\libhal_bsp.a(alt_main.o)
 .debug_line    0x00000000000001cf      0x1d3 e:/LABIV/TesteMemoVGA/Quartus/TestePixelBuffer/software/PixelBufferTeste_bsp/\libhal_bsp.a(alt_sys_init.o)
 .debug_line    0x00000000000003a2      0x149 e:/LABIV/TesteMemoVGA/Quartus/TestePixelBuffer/software/PixelBufferTeste_bsp/\libhal_bsp.a(altera_avalon_jtag_uart_fd.o)
 .debug_line    0x00000000000004eb      0x25b e:/LABIV/TesteMemoVGA/Quartus/TestePixelBuffer/software/PixelBufferTeste_bsp/\libhal_bsp.a(altera_avalon_jtag_uart_init.o)
 .debug_line    0x0000000000000746      0x154 e:/LABIV/TesteMemoVGA/Quartus/TestePixelBuffer/software/PixelBufferTeste_bsp/\libhal_bsp.a(altera_avalon_jtag_uart_ioctl.o)
 .debug_line    0x000000000000089a      0x1d1 e:/LABIV/TesteMemoVGA/Quartus/TestePixelBuffer/software/PixelBufferTeste_bsp/\libhal_bsp.a(altera_avalon_jtag_uart_read.o)
 .debug_line    0x0000000000000a6b      0x1d6 e:/LABIV/TesteMemoVGA/Quartus/TestePixelBuffer/software/PixelBufferTeste_bsp/\libhal_bsp.a(altera_avalon_jtag_uart_write.o)
 .debug_line    0x0000000000000c41       0xfd e:/LABIV/TesteMemoVGA/Quartus/TestePixelBuffer/software/PixelBufferTeste_bsp/\libhal_bsp.a(altera_avalon_timer_sc.o)
 .debug_line    0x0000000000000d3e      0x138 e:/LABIV/TesteMemoVGA/Quartus/TestePixelBuffer/software/PixelBufferTeste_bsp/\libhal_bsp.a(alt_alarm_start.o)
 .debug_line    0x0000000000000e76      0x1ad e:/LABIV/TesteMemoVGA/Quartus/TestePixelBuffer/software/PixelBufferTeste_bsp/\libhal_bsp.a(alt_close.o)
 .debug_line    0x0000000000001023       0x53 e:/LABIV/TesteMemoVGA/Quartus/TestePixelBuffer/software/PixelBufferTeste_bsp/\libhal_bsp.a(alt_dcache_flush_all.o)
 .debug_line    0x0000000000001076      0x19f e:/LABIV/TesteMemoVGA/Quartus/TestePixelBuffer/software/PixelBufferTeste_bsp/\libhal_bsp.a(alt_dev.o)
 .debug_line    0x0000000000001215      0x106 e:/LABIV/TesteMemoVGA/Quartus/TestePixelBuffer/software/PixelBufferTeste_bsp/\libhal_bsp.a(alt_dev_llist_insert.o)
 .debug_line    0x000000000000131b       0x66 e:/LABIV/TesteMemoVGA/Quartus/TestePixelBuffer/software/PixelBufferTeste_bsp/\libhal_bsp.a(alt_do_ctors.o)
 .debug_line    0x0000000000001381       0x66 e:/LABIV/TesteMemoVGA/Quartus/TestePixelBuffer/software/PixelBufferTeste_bsp/\libhal_bsp.a(alt_do_dtors.o)
 .debug_line    0x00000000000013e7       0x51 e:/LABIV/TesteMemoVGA/Quartus/TestePixelBuffer/software/PixelBufferTeste_bsp/\libhal_bsp.a(alt_errno.o)
 .debug_line    0x0000000000001438       0x51 e:/LABIV/TesteMemoVGA/Quartus/TestePixelBuffer/software/PixelBufferTeste_bsp/\libhal_bsp.a(alt_icache_flush_all.o)
 .debug_line    0x0000000000001489      0x123 e:/LABIV/TesteMemoVGA/Quartus/TestePixelBuffer/software/PixelBufferTeste_bsp/\libhal_bsp.a(alt_iic.o)
 .debug_line    0x00000000000015ac       0xfc e:/LABIV/TesteMemoVGA/Quartus/TestePixelBuffer/software/PixelBufferTeste_bsp/\libhal_bsp.a(alt_iic_isr_register.o)
 .debug_line    0x00000000000016a8      0x1d2 e:/LABIV/TesteMemoVGA/Quartus/TestePixelBuffer/software/PixelBufferTeste_bsp/\libhal_bsp.a(alt_io_redirect.o)
 .debug_line    0x000000000000187a       0x6b e:/LABIV/TesteMemoVGA/Quartus/TestePixelBuffer/software/PixelBufferTeste_bsp/\libhal_bsp.a(alt_irq_entry.o)
 .debug_line    0x00000000000018e5       0xd4 e:/LABIV/TesteMemoVGA/Quartus/TestePixelBuffer/software/PixelBufferTeste_bsp/\libhal_bsp.a(alt_irq_handler.o)
 .debug_line    0x00000000000019b9       0x50 e:/LABIV/TesteMemoVGA/Quartus/TestePixelBuffer/software/PixelBufferTeste_bsp/\libhal_bsp.a(alt_irq_vars.o)
 .debug_line    0x0000000000001a09      0x1a1 e:/LABIV/TesteMemoVGA/Quartus/TestePixelBuffer/software/PixelBufferTeste_bsp/\libhal_bsp.a(alt_open.o)
 .debug_line    0x0000000000001baa       0xb6 e:/LABIV/TesteMemoVGA/Quartus/TestePixelBuffer/software/PixelBufferTeste_bsp/\libhal_bsp.a(alt_release_fd.o)
 .debug_line    0x0000000000001c60      0x160 e:/LABIV/TesteMemoVGA/Quartus/TestePixelBuffer/software/PixelBufferTeste_bsp/\libhal_bsp.a(alt_tick.o)
 .debug_line    0x0000000000001dc0       0x57 e:/LABIV/TesteMemoVGA/Quartus/TestePixelBuffer/software/PixelBufferTeste_bsp/\libhal_bsp.a(altera_nios2_gen2_irq.o)
 .debug_line    0x0000000000001e17       0xb3 e:/LABIV/TesteMemoVGA/Quartus/TestePixelBuffer/software/PixelBufferTeste_bsp/\libhal_bsp.a(alt_exception_entry.o)
 .debug_line    0x0000000000001eca       0xb8 e:/LABIV/TesteMemoVGA/Quartus/TestePixelBuffer/software/PixelBufferTeste_bsp/\libhal_bsp.a(alt_find_dev.o)
 .debug_line    0x0000000000001f82      0x103 e:/LABIV/TesteMemoVGA/Quartus/TestePixelBuffer/software/PixelBufferTeste_bsp/\libhal_bsp.a(alt_find_file.o)
 .debug_line    0x0000000000002085       0xfb e:/LABIV/TesteMemoVGA/Quartus/TestePixelBuffer/software/PixelBufferTeste_bsp/\libhal_bsp.a(alt_get_fd.o)
 .debug_line    0x0000000000002180       0xd3 e:/LABIV/TesteMemoVGA/Quartus/TestePixelBuffer/software/PixelBufferTeste_bsp/\libhal_bsp.a(alt_instruction_exception_entry.o)
 .debug_line    0x0000000000002253       0xf7 d:/programas/intelfpga/nios2eds/bin/gnu/h-x86_64-mingw32/bin/../lib/gcc/nios2-elf/10.1.1/../../../../../H-x86_64-mingw32/nios2-elf/lib/mno-hw-mul\libc.a(lib_a-atexit.o)
 .debug_line    0x000000000000234a      0x22a d:/programas/intelfpga/nios2eds/bin/gnu/h-x86_64-mingw32/bin/../lib/gcc/nios2-elf/10.1.1/../../../../../H-x86_64-mingw32/nios2-elf/lib/mno-hw-mul\libc.a(lib_a-exit.o)
 .debug_line    0x0000000000002574      0x167 d:/programas/intelfpga/nios2eds/bin/gnu/h-x86_64-mingw32/bin/../lib/gcc/nios2-elf/10.1.1/../../../../../H-x86_64-mingw32/nios2-elf/lib/mno-hw-mul\libc.a(lib_a-impure.o)
 .debug_line    0x00000000000026db       0x61 d:/programas/intelfpga/nios2eds/bin/gnu/h-x86_64-mingw32/bin/../lib/gcc/nios2-elf/10.1.1/../../../../../H-x86_64-mingw32/nios2-elf/lib/mno-hw-mul\libc.a(lib_a-int_errno.o)
 .debug_line    0x000000000000273c      0x1e6 d:/programas/intelfpga/nios2eds/bin/gnu/h-x86_64-mingw32/bin/../lib/gcc/nios2-elf/10.1.1/../../../../../H-x86_64-mingw32/nios2-elf/lib/mno-hw-mul\libc.a(lib_a-memcmp.o)
 .debug_line    0x0000000000002922      0x238 d:/programas/intelfpga/nios2eds/bin/gnu/h-x86_64-mingw32/bin/../lib/gcc/nios2-elf/10.1.1/../../../../../H-x86_64-mingw32/nios2-elf/lib/mno-hw-mul\libc.a(lib_a-memcpy.o)
 .debug_line    0x0000000000002b5a      0x1db d:/programas/intelfpga/nios2eds/bin/gnu/h-x86_64-mingw32/bin/../lib/gcc/nios2-elf/10.1.1/../../../../../H-x86_64-mingw32/nios2-elf/lib/mno-hw-mul\libc.a(lib_a-strlen.o)
 .debug_line    0x0000000000002d35      0x21b d:/programas/intelfpga/nios2eds/bin/gnu/h-x86_64-mingw32/bin/../lib/gcc/nios2-elf/10.1.1/../../../../../H-x86_64-mingw32/nios2-elf/lib/mno-hw-mul\libc.a(lib_a-__atexit.o)
 .debug_line    0x0000000000002f50      0x2a3 d:/programas/intelfpga/nios2eds/bin/gnu/h-x86_64-mingw32/bin/../lib/gcc/nios2-elf/10.1.1/../../../../../H-x86_64-mingw32/nios2-elf/lib/mno-hw-mul\libc.a(lib_a-__call_atexit.o)
 .debug_line    0x00000000000031f3       0x85 e:/LABIV/TesteMemoVGA/Quartus/TestePixelBuffer/software/PixelBufferTeste_bsp/\libhal_bsp.a(alt_exit.o)

.debug_frame    0x0000000000000000      0xaa0
 *(.debug_frame)
 .debug_frame   0x0000000000000000       0x34 obj/default/main.o
 .debug_frame   0x0000000000000034       0x5c e:/LABIV/TesteMemoVGA/Quartus/TestePixelBuffer/software/PixelBufferTeste_bsp/\libhal_bsp.a(alt_load.o)
 .debug_frame   0x0000000000000090       0x2c e:/LABIV/TesteMemoVGA/Quartus/TestePixelBuffer/software/PixelBufferTeste_bsp/\libhal_bsp.a(alt_main.o)
 .debug_frame   0x00000000000000bc       0x88 e:/LABIV/TesteMemoVGA/Quartus/TestePixelBuffer/software/PixelBufferTeste_bsp/\libhal_bsp.a(alt_sys_init.o)
 .debug_frame   0x0000000000000144       0xb0 e:/LABIV/TesteMemoVGA/Quartus/TestePixelBuffer/software/PixelBufferTeste_bsp/\libhal_bsp.a(altera_avalon_jtag_uart_fd.o)
 .debug_frame   0x00000000000001f4       0xa4 e:/LABIV/TesteMemoVGA/Quartus/TestePixelBuffer/software/PixelBufferTeste_bsp/\libhal_bsp.a(altera_avalon_jtag_uart_init.o)
 .debug_frame   0x0000000000000298       0x34 e:/LABIV/TesteMemoVGA/Quartus/TestePixelBuffer/software/PixelBufferTeste_bsp/\libhal_bsp.a(altera_avalon_jtag_uart_ioctl.o)
 .debug_frame   0x00000000000002cc       0x38 e:/LABIV/TesteMemoVGA/Quartus/TestePixelBuffer/software/PixelBufferTeste_bsp/\libhal_bsp.a(altera_avalon_jtag_uart_read.o)
 .debug_frame   0x0000000000000304       0x38 e:/LABIV/TesteMemoVGA/Quartus/TestePixelBuffer/software/PixelBufferTeste_bsp/\libhal_bsp.a(altera_avalon_jtag_uart_write.o)
 .debug_frame   0x000000000000033c       0x60 e:/LABIV/TesteMemoVGA/Quartus/TestePixelBuffer/software/PixelBufferTeste_bsp/\libhal_bsp.a(altera_avalon_timer_sc.o)
 .debug_frame   0x000000000000039c       0x34 e:/LABIV/TesteMemoVGA/Quartus/TestePixelBuffer/software/PixelBufferTeste_bsp/\libhal_bsp.a(alt_alarm_start.o)
 .debug_frame   0x00000000000003d0       0x60 e:/LABIV/TesteMemoVGA/Quartus/TestePixelBuffer/software/PixelBufferTeste_bsp/\libhal_bsp.a(alt_close.o)
 .debug_frame   0x0000000000000430       0x34 e:/LABIV/TesteMemoVGA/Quartus/TestePixelBuffer/software/PixelBufferTeste_bsp/\libhal_bsp.a(alt_dcache_flush_all.o)
 .debug_frame   0x0000000000000464       0x34 e:/LABIV/TesteMemoVGA/Quartus/TestePixelBuffer/software/PixelBufferTeste_bsp/\libhal_bsp.a(alt_dev.o)
 .debug_frame   0x0000000000000498       0x60 e:/LABIV/TesteMemoVGA/Quartus/TestePixelBuffer/software/PixelBufferTeste_bsp/\libhal_bsp.a(alt_dev_llist_insert.o)
 .debug_frame   0x00000000000004f8       0x38 e:/LABIV/TesteMemoVGA/Quartus/TestePixelBuffer/software/PixelBufferTeste_bsp/\libhal_bsp.a(alt_do_ctors.o)
 .debug_frame   0x0000000000000530       0x38 e:/LABIV/TesteMemoVGA/Quartus/TestePixelBuffer/software/PixelBufferTeste_bsp/\libhal_bsp.a(alt_do_dtors.o)
 .debug_frame   0x0000000000000568       0x34 e:/LABIV/TesteMemoVGA/Quartus/TestePixelBuffer/software/PixelBufferTeste_bsp/\libhal_bsp.a(alt_icache_flush_all.o)
 .debug_frame   0x000000000000059c       0xa4 e:/LABIV/TesteMemoVGA/Quartus/TestePixelBuffer/software/PixelBufferTeste_bsp/\libhal_bsp.a(alt_iic.o)
 .debug_frame   0x0000000000000640       0x38 e:/LABIV/TesteMemoVGA/Quartus/TestePixelBuffer/software/PixelBufferTeste_bsp/\libhal_bsp.a(alt_iic_isr_register.o)
 .debug_frame   0x0000000000000678       0x60 e:/LABIV/TesteMemoVGA/Quartus/TestePixelBuffer/software/PixelBufferTeste_bsp/\libhal_bsp.a(alt_io_redirect.o)
 .debug_frame   0x00000000000006d8       0x38 e:/LABIV/TesteMemoVGA/Quartus/TestePixelBuffer/software/PixelBufferTeste_bsp/\libhal_bsp.a(alt_irq_handler.o)
 .debug_frame   0x0000000000000710       0x84 e:/LABIV/TesteMemoVGA/Quartus/TestePixelBuffer/software/PixelBufferTeste_bsp/\libhal_bsp.a(alt_open.o)
 .debug_frame   0x0000000000000794       0x34 e:/LABIV/TesteMemoVGA/Quartus/TestePixelBuffer/software/PixelBufferTeste_bsp/\libhal_bsp.a(alt_release_fd.o)
 .debug_frame   0x00000000000007c8       0x5c e:/LABIV/TesteMemoVGA/Quartus/TestePixelBuffer/software/PixelBufferTeste_bsp/\libhal_bsp.a(alt_tick.o)
 .debug_frame   0x0000000000000824       0x34 e:/LABIV/TesteMemoVGA/Quartus/TestePixelBuffer/software/PixelBufferTeste_bsp/\libhal_bsp.a(altera_nios2_gen2_irq.o)
 .debug_frame   0x0000000000000858       0x38 e:/LABIV/TesteMemoVGA/Quartus/TestePixelBuffer/software/PixelBufferTeste_bsp/\libhal_bsp.a(alt_find_dev.o)
 .debug_frame   0x0000000000000890       0x38 e:/LABIV/TesteMemoVGA/Quartus/TestePixelBuffer/software/PixelBufferTeste_bsp/\libhal_bsp.a(alt_find_file.o)
 .debug_frame   0x00000000000008c8       0x34 e:/LABIV/TesteMemoVGA/Quartus/TestePixelBuffer/software/PixelBufferTeste_bsp/\libhal_bsp.a(alt_get_fd.o)
 .debug_frame   0x00000000000008fc       0x5c e:/LABIV/TesteMemoVGA/Quartus/TestePixelBuffer/software/PixelBufferTeste_bsp/\libhal_bsp.a(alt_instruction_exception_entry.o)
 .debug_frame   0x0000000000000958       0x20 d:/programas/intelfpga/nios2eds/bin/gnu/h-x86_64-mingw32/bin/../lib/gcc/nios2-elf/10.1.1/../../../../../H-x86_64-mingw32/nios2-elf/lib/mno-hw-mul\libc.a(lib_a-atexit.o)
 .debug_frame   0x0000000000000978       0x28 d:/programas/intelfpga/nios2eds/bin/gnu/h-x86_64-mingw32/bin/../lib/gcc/nios2-elf/10.1.1/../../../../../H-x86_64-mingw32/nios2-elf/lib/mno-hw-mul\libc.a(lib_a-exit.o)
 .debug_frame   0x00000000000009a0       0x20 d:/programas/intelfpga/nios2eds/bin/gnu/h-x86_64-mingw32/bin/../lib/gcc/nios2-elf/10.1.1/../../../../../H-x86_64-mingw32/nios2-elf/lib/mno-hw-mul\libc.a(lib_a-memcmp.o)
 .debug_frame   0x00000000000009c0       0x20 d:/programas/intelfpga/nios2eds/bin/gnu/h-x86_64-mingw32/bin/../lib/gcc/nios2-elf/10.1.1/../../../../../H-x86_64-mingw32/nios2-elf/lib/mno-hw-mul\libc.a(lib_a-memcpy.o)
 .debug_frame   0x00000000000009e0       0x20 d:/programas/intelfpga/nios2eds/bin/gnu/h-x86_64-mingw32/bin/../lib/gcc/nios2-elf/10.1.1/../../../../../H-x86_64-mingw32/nios2-elf/lib/mno-hw-mul\libc.a(lib_a-strlen.o)
 .debug_frame   0x0000000000000a00       0x20 d:/programas/intelfpga/nios2eds/bin/gnu/h-x86_64-mingw32/bin/../lib/gcc/nios2-elf/10.1.1/../../../../../H-x86_64-mingw32/nios2-elf/lib/mno-hw-mul\libc.a(lib_a-__atexit.o)
 .debug_frame   0x0000000000000a20       0x54 d:/programas/intelfpga/nios2eds/bin/gnu/h-x86_64-mingw32/bin/../lib/gcc/nios2-elf/10.1.1/../../../../../H-x86_64-mingw32/nios2-elf/lib/mno-hw-mul\libc.a(lib_a-__call_atexit.o)
 .debug_frame   0x0000000000000a74       0x2c e:/LABIV/TesteMemoVGA/Quartus/TestePixelBuffer/software/PixelBufferTeste_bsp/\libhal_bsp.a(alt_exit.o)

.debug_str      0x0000000000000000     0x1ca2
 *(.debug_str)
 .debug_str     0x0000000000000000       0x6b e:/LABIV/TesteMemoVGA/Quartus/TestePixelBuffer/software/PixelBufferTeste_bsp//obj/HAL/src/crt0.o
 .debug_str     0x000000000000006b       0xf8 obj/default/main.o
                                        0x13d (size before relaxing)
 .debug_str     0x0000000000000163       0xf1 e:/LABIV/TesteMemoVGA/Quartus/TestePixelBuffer/software/PixelBufferTeste_bsp/\libhal_bsp.a(alt_load.o)
                                        0x226 (size before relaxing)
 .debug_str     0x0000000000000254       0x44 e:/LABIV/TesteMemoVGA/Quartus/TestePixelBuffer/software/PixelBufferTeste_bsp/\libhal_bsp.a(alt_main.o)
                                        0x180 (size before relaxing)
 .debug_str     0x0000000000000298      0x320 e:/LABIV/TesteMemoVGA/Quartus/TestePixelBuffer/software/PixelBufferTeste_bsp/\libhal_bsp.a(alt_sys_init.o)
                                        0x4ce (size before relaxing)
 .debug_str     0x00000000000005b8       0xb2 e:/LABIV/TesteMemoVGA/Quartus/TestePixelBuffer/software/PixelBufferTeste_bsp/\libhal_bsp.a(altera_avalon_jtag_uart_fd.o)
                                        0x390 (size before relaxing)
 .debug_str     0x000000000000066a       0xe0 e:/LABIV/TesteMemoVGA/Quartus/TestePixelBuffer/software/PixelBufferTeste_bsp/\libhal_bsp.a(altera_avalon_jtag_uart_init.o)
                                        0x333 (size before relaxing)
 .debug_str     0x000000000000074a       0x4a e:/LABIV/TesteMemoVGA/Quartus/TestePixelBuffer/software/PixelBufferTeste_bsp/\libhal_bsp.a(altera_avalon_jtag_uart_ioctl.o)
                                        0x27f (size before relaxing)
 .debug_str     0x0000000000000794       0x7f e:/LABIV/TesteMemoVGA/Quartus/TestePixelBuffer/software/PixelBufferTeste_bsp/\libhal_bsp.a(altera_avalon_jtag_uart_read.o)
                                        0x2d4 (size before relaxing)
 .debug_str     0x0000000000000813       0x4a e:/LABIV/TesteMemoVGA/Quartus/TestePixelBuffer/software/PixelBufferTeste_bsp/\libhal_bsp.a(altera_avalon_jtag_uart_write.o)
                                        0x2d5 (size before relaxing)
 .debug_str     0x000000000000085d       0x72 e:/LABIV/TesteMemoVGA/Quartus/TestePixelBuffer/software/PixelBufferTeste_bsp/\libhal_bsp.a(altera_avalon_timer_sc.o)
                                        0x222 (size before relaxing)
 .debug_str     0x00000000000008cf       0x65 e:/LABIV/TesteMemoVGA/Quartus/TestePixelBuffer/software/PixelBufferTeste_bsp/\libhal_bsp.a(alt_alarm_start.o)
                                        0x292 (size before relaxing)
 .debug_str     0x0000000000000934       0x44 e:/LABIV/TesteMemoVGA/Quartus/TestePixelBuffer/software/PixelBufferTeste_bsp/\libhal_bsp.a(alt_close.o)
                                        0x212 (size before relaxing)
 .debug_str     0x0000000000000978       0x34 e:/LABIV/TesteMemoVGA/Quartus/TestePixelBuffer/software/PixelBufferTeste_bsp/\libhal_bsp.a(alt_dcache_flush_all.o)
                                        0x169 (size before relaxing)
 .debug_str     0x00000000000009ac      0x150 e:/LABIV/TesteMemoVGA/Quartus/TestePixelBuffer/software/PixelBufferTeste_bsp/\libhal_bsp.a(alt_dev.o)
                                        0x378 (size before relaxing)
 .debug_str     0x0000000000000afc       0x34 e:/LABIV/TesteMemoVGA/Quartus/TestePixelBuffer/software/PixelBufferTeste_bsp/\libhal_bsp.a(alt_dev_llist_insert.o)
                                        0x1e0 (size before relaxing)
 .debug_str     0x0000000000000b30       0x48 e:/LABIV/TesteMemoVGA/Quartus/TestePixelBuffer/software/PixelBufferTeste_bsp/\libhal_bsp.a(alt_do_ctors.o)
                                         0xed (size before relaxing)
 .debug_str     0x0000000000000b78       0x4c e:/LABIV/TesteMemoVGA/Quartus/TestePixelBuffer/software/PixelBufferTeste_bsp/\libhal_bsp.a(alt_do_dtors.o)
                                         0xec (size before relaxing)
 .debug_str     0x0000000000000bc4       0x14 e:/LABIV/TesteMemoVGA/Quartus/TestePixelBuffer/software/PixelBufferTeste_bsp/\libhal_bsp.a(alt_errno.o)
                                        0x153 (size before relaxing)
 .debug_str     0x0000000000000bd8       0x34 e:/LABIV/TesteMemoVGA/Quartus/TestePixelBuffer/software/PixelBufferTeste_bsp/\libhal_bsp.a(alt_icache_flush_all.o)
                                        0x169 (size before relaxing)
 .debug_str     0x0000000000000c0c       0xb2 e:/LABIV/TesteMemoVGA/Quartus/TestePixelBuffer/software/PixelBufferTeste_bsp/\libhal_bsp.a(alt_iic.o)
                                        0x240 (size before relaxing)
 .debug_str     0x0000000000000cbe       0x4c e:/LABIV/TesteMemoVGA/Quartus/TestePixelBuffer/software/PixelBufferTeste_bsp/\libhal_bsp.a(alt_iic_isr_register.o)
                                        0x1fc (size before relaxing)
 .debug_str     0x0000000000000d0a       0x56 e:/LABIV/TesteMemoVGA/Quartus/TestePixelBuffer/software/PixelBufferTeste_bsp/\libhal_bsp.a(alt_io_redirect.o)
                                        0x37c (size before relaxing)
 .debug_str     0x0000000000000d60       0x18 e:/LABIV/TesteMemoVGA/Quartus/TestePixelBuffer/software/PixelBufferTeste_bsp/\libhal_bsp.a(alt_irq_entry.o)
                                         0x74 (size before relaxing)
 .debug_str     0x0000000000000d78       0x3a e:/LABIV/TesteMemoVGA/Quartus/TestePixelBuffer/software/PixelBufferTeste_bsp/\libhal_bsp.a(alt_irq_handler.o)
                                        0x1ab (size before relaxing)
 .debug_str     0x0000000000000db2       0x29 e:/LABIV/TesteMemoVGA/Quartus/TestePixelBuffer/software/PixelBufferTeste_bsp/\libhal_bsp.a(alt_irq_vars.o)
                                        0x157 (size before relaxing)
 .debug_str     0x0000000000000ddb       0x2f e:/LABIV/TesteMemoVGA/Quartus/TestePixelBuffer/software/PixelBufferTeste_bsp/\libhal_bsp.a(alt_open.o)
                                        0x25f (size before relaxing)
 .debug_str     0x0000000000000e0a       0x28 e:/LABIV/TesteMemoVGA/Quartus/TestePixelBuffer/software/PixelBufferTeste_bsp/\libhal_bsp.a(alt_release_fd.o)
                                        0x1e3 (size before relaxing)
 .debug_str     0x0000000000000e32       0x4a e:/LABIV/TesteMemoVGA/Quartus/TestePixelBuffer/software/PixelBufferTeste_bsp/\libhal_bsp.a(alt_tick.o)
                                        0x266 (size before relaxing)
 .debug_str     0x0000000000000e7c       0x3b e:/LABIV/TesteMemoVGA/Quartus/TestePixelBuffer/software/PixelBufferTeste_bsp/\libhal_bsp.a(altera_nios2_gen2_irq.o)
                                        0x170 (size before relaxing)